09:36:55 **** Build of configuration Debug for project HG_Cal_server ****
make all 
'Building file: ../src/helloworld.c'
'Invoking: ARM v7 Linux gcc compiler'
arm-linux-gnueabihf-gcc -Wall -O0 -g3 -c -fmessage-length=0 -MT"src/helloworld.o" -MMD -MP -MF"src/helloworld.d" -MT"src/helloworld.o" -o "src/helloworld.o" "../src/helloworld.c"
'Finished building: ../src/helloworld.c'
' '
'Building target: HG_Cal_server.elf'
'Invoking: ARM v7 Linux gcc linker'
arm-linux-gnueabihf-gcc  -o "HG_Cal_server.elf"  ./src/helloworld.o   
'Finished building target: HG_Cal_server.elf'
' '
'Invoking: ARM v7 Linux Print Size'
arm-linux-gnueabihf-size HG_Cal_server.elf  |tee "HG_Cal_server.elf.size"
   text	   data	    bss	    dec	    hex	filename
    852	    280	      4	   1136	    470	HG_Cal_server.elf
'Finished building: HG_Cal_server.elf.size'
' '
09:37:13 **** Auto Build of configuration Debug for project HG_Cal_server ****
make all 
'Building file: ../src/HG_Cal_server.c'
'Invoking: ARM v7 Linux gcc compiler'
arm-linux-gnueabihf-gcc -Wall -O0 -g3 -c -fmessage-length=0 -MT"src/HG_Cal_server.o" -MMD -MP -MF"src/HG_Cal_server.d" -MT"src/HG_Cal_server.o" -o "src/HG_Cal_server.o" "../src/HG_Cal_server.c"
'Finished building: ../src/HG_Cal_server.c'
' '
'Building target: HG_Cal_server.elf'
'Invoking: ARM v7 Linux gcc linker'
arm-linux-gnueabihf-gcc  -o "HG_Cal_server.elf"  ./src/HG_Cal_server.o   
'Finished building target: HG_Cal_server.elf'
' '
'Invoking: ARM v7 Linux Print Size'
arm-linux-gnueabihf-size HG_Cal_server.elf  |tee "HG_Cal_server.elf.size"
   text	   data	    bss	    dec	    hex	filename
    852	    280	      4	   1136	    470	HG_Cal_server.elf
'Finished building: HG_Cal_server.elf.size'
' '
09:37:23 **** Auto Build of configuration Debug for project HG_Cal_server ****
make all 
'Building file: ../src/HG_Cal_server.c'
'Invoking: ARM v7 Linux gcc compiler'
arm-linux-gnueabihf-gcc -Wall -O0 -g3 -c -fmessage-length=0 -MT"src/HG_Cal_server.o" -MMD -MP -MF"src/HG_Cal_server.d" -MT"src/HG_Cal_server.o" -o "src/HG_Cal_server.o" "../src/HG_Cal_server.c"
../src/HG_Cal_server.c: In function 'main':
../src/HG_Cal_server.c:104:61: warning: pointer targets in passing argument 3 of 'accept' differ in signedness [-Wpointer-sign]
   newsockfd = accept(sockfd, (struct sockaddr *) &cli_addr, &clilen);
                                                             ^~~~~~~
In file included from ../src/HG_Cal_server.c:4:
c:\xilinx\sdk\2019.1\gnu\aarch32\nt\gcc-arm-linux-gnueabi\arm-linux-gnueabihf\libc\usr\include\sys\socket.h:232:12: note: expected 'socklen_t * restrict' {aka 'unsigned int * restrict'} but argument is of type 'int *'
 extern int accept (int __fd, __SOCKADDR_ARG __addr,
            ^~~~~~
../src/HG_Cal_server.c:99:6: warning: unused variable 'testcounter_addr' [-Wunused-variable]
  int testcounter_addr = 1093140480;
      ^~~~~~~~~~~~~~~~
../src/HG_Cal_server.c:97:6: warning: unused variable 'counterreset_addr' [-Wunused-variable]
  int counterreset_addr = 1093009408;
      ^~~~~~~~~~~~~~~~~
'Finished building: ../src/HG_Cal_server.c'
' '
'Building target: HG_Cal_server.elf'
'Invoking: ARM v7 Linux gcc linker'
arm-linux-gnueabihf-gcc  -o "HG_Cal_server.elf"  ./src/HG_Cal_server.o   
'Finished building target: HG_Cal_server.elf'
' '
'Invoking: ARM v7 Linux Print Size'
arm-linux-gnueabihf-size HG_Cal_server.elf  |tee "HG_Cal_server.elf.size"
   text	   data	    bss	    dec	    hex	filename
   3083	    336	      8	   3427	    d63	HG_Cal_server.elf
'Finished building: HG_Cal_server.elf.size'
' '
15:01:44 **** Build of configuration Debug for project HG_Cal_server_v4 ****
make all 
'Building file: ../src/helloworld.c'
'Invoking: ARM v7 Linux gcc compiler'
arm-linux-gnueabihf-gcc -Wall -O0 -g3 -c -fmessage-length=0 -MT"src/helloworld.o" -MMD -MP -MF"src/helloworld.d" -MT"src/helloworld.o" -o "src/helloworld.o" "../src/helloworld.c"
'Finished building: ../src/helloworld.c'
' '
'Building target: HG_Cal_server_v4.elf'
'Invoking: ARM v7 Linux gcc linker'
arm-linux-gnueabihf-gcc  -o "HG_Cal_server_v4.elf"  ./src/helloworld.o   
'Finished building target: HG_Cal_server_v4.elf'
' '
'Invoking: ARM v7 Linux Print Size'
arm-linux-gnueabihf-size HG_Cal_server_v4.elf  |tee "HG_Cal_server_v4.elf.size"
   text	   data	    bss	    dec	    hex	filename
    852	    280	      4	   1136	    470	HG_Cal_server_v4.elf
'Finished building: HG_Cal_server_v4.elf.size'
' '
15:01:59 **** Auto Build of configuration Debug for project HG_Cal_server_v4 ****
make all 
'Building file: ../src/HG_Cal_server_v4.c'
'Invoking: ARM v7 Linux gcc compiler'
arm-linux-gnueabihf-gcc -Wall -O0 -g3 -c -fmessage-length=0 -MT"src/HG_Cal_server_v4.o" -MMD -MP -MF"src/HG_Cal_server_v4.d" -MT"src/HG_Cal_server_v4.o" -o "src/HG_Cal_server_v4.o" "../src/HG_Cal_server_v4.c"
'Finished building: ../src/HG_Cal_server_v4.c'
' '
'Building target: HG_Cal_server_v4.elf'
'Invoking: ARM v7 Linux gcc linker'
arm-linux-gnueabihf-gcc  -o "HG_Cal_server_v4.elf"  ./src/HG_Cal_server_v4.o   
'Finished building target: HG_Cal_server_v4.elf'
' '
'Invoking: ARM v7 Linux Print Size'
arm-linux-gnueabihf-size HG_Cal_server_v4.elf  |tee "HG_Cal_server_v4.elf.size"
   text	   data	    bss	    dec	    hex	filename
    852	    280	      4	   1136	    470	HG_Cal_server_v4.elf
'Finished building: HG_Cal_server_v4.elf.size'
' '
15:02:05 **** Auto Build of configuration Debug for project HG_Cal_server_v4 ****
make all 
'Building file: ../src/HG_Cal_server_v4.c'
'Invoking: ARM v7 Linux gcc compiler'
arm-linux-gnueabihf-gcc -Wall -O0 -g3 -c -fmessage-length=0 -MT"src/HG_Cal_server_v4.o" -MMD -MP -MF"src/HG_Cal_server_v4.d" -MT"src/HG_Cal_server_v4.o" -o "src/HG_Cal_server_v4.o" "../src/HG_Cal_server_v4.c"
../src/HG_Cal_server_v4.c: In function 'main':
../src/HG_Cal_server_v4.c:104:61: warning: pointer targets in passing argument 3 of 'accept' differ in signedness [-Wpointer-sign]
   newsockfd = accept(sockfd, (struct sockaddr *) &cli_addr, &clilen);
                                                             ^~~~~~~
In file included from ../src/HG_Cal_server_v4.c:4:
c:\xilinx\sdk\2019.1\gnu\aarch32\nt\gcc-arm-linux-gnueabi\arm-linux-gnueabihf\libc\usr\include\sys\socket.h:232:12: note: expected 'socklen_t * restrict' {aka 'unsigned int * restrict'} but argument is of type 'int *'
 extern int accept (int __fd, __SOCKADDR_ARG __addr,
            ^~~~~~
../src/HG_Cal_server_v4.c:99:6: warning: unused variable 'testcounter_addr' [-Wunused-variable]
  int testcounter_addr = 1093140480;
      ^~~~~~~~~~~~~~~~
../src/HG_Cal_server_v4.c:97:6: warning: unused variable 'counterreset_addr' [-Wunused-variable]
  int counterreset_addr = 1093009408;
      ^~~~~~~~~~~~~~~~~
'Finished building: ../src/HG_Cal_server_v4.c'
' '
'Building target: HG_Cal_server_v4.elf'
'Invoking: ARM v7 Linux gcc linker'
arm-linux-gnueabihf-gcc  -o "HG_Cal_server_v4.elf"  ./src/HG_Cal_server_v4.o   
'Finished building target: HG_Cal_server_v4.elf'
' '
'Invoking: ARM v7 Linux Print Size'
arm-linux-gnueabihf-size HG_Cal_server_v4.elf  |tee "HG_Cal_server_v4.elf.size"
   text	   data	    bss	    dec	    hex	filename
   3161	    336	      8	   3505	    db1	HG_Cal_server_v4.elf
'Finished building: HG_Cal_server_v4.elf.size'
' '
15:02:42 **** Auto Build of configuration Debug for project HG_Cal_server_v4 ****
make all 
'Building file: ../src/HG_Cal_server_v4.c'
'Invoking: ARM v7 Linux gcc compiler'
arm-linux-gnueabihf-gcc -Wall -O0 -g3 -c -fmessage-length=0 -MT"src/HG_Cal_server_v4.o" -MMD -MP -MF"src/HG_Cal_server_v4.d" -MT"src/HG_Cal_server_v4.o" -o "src/HG_Cal_server_v4.o" "../src/HG_Cal_server_v4.c"
../src/HG_Cal_server_v4.c: In function 'main':
../src/HG_Cal_server_v4.c:105:61: warning: pointer targets in passing argument 3 of 'accept' differ in signedness [-Wpointer-sign]
   newsockfd = accept(sockfd, (struct sockaddr *) &cli_addr, &clilen);
                                                             ^~~~~~~
In file included from ../src/HG_Cal_server_v4.c:4:
c:\xilinx\sdk\2019.1\gnu\aarch32\nt\gcc-arm-linux-gnueabi\arm-linux-gnueabihf\libc\usr\include\sys\socket.h:232:12: note: expected 'socklen_t * restrict' {aka 'unsigned int * restrict'} but argument is of type 'int *'
 extern int accept (int __fd, __SOCKADDR_ARG __addr,
            ^~~~~~
../src/HG_Cal_server_v4.c:99:6: warning: unused variable 'testcounter_addr' [-Wunused-variable]
  int testcounter_addr = 1093140480;
      ^~~~~~~~~~~~~~~~
../src/HG_Cal_server_v4.c:97:6: warning: unused variable 'counterreset_addr' [-Wunused-variable]
  int counterreset_addr = 1093009408;
      ^~~~~~~~~~~~~~~~~
'Finished building: ../src/HG_Cal_server_v4.c'
' '
'Building target: HG_Cal_server_v4.elf'
'Invoking: ARM v7 Linux gcc linker'
arm-linux-gnueabihf-gcc  -o "HG_Cal_server_v4.elf"  ./src/HG_Cal_server_v4.o   
'Finished building target: HG_Cal_server_v4.elf'
' '
'Invoking: ARM v7 Linux Print Size'
arm-linux-gnueabihf-size HG_Cal_server_v4.elf  |tee "HG_Cal_server_v4.elf.size"
   text	   data	    bss	    dec	    hex	filename
   3161	    336	      8	   3505	    db1	HG_Cal_server_v4.elf
'Finished building: HG_Cal_server_v4.elf.size'
' '
20:05:29 **** Auto Build of configuration Debug for project HG_Cal_server_v4 ****
make all 
'Building file: ../src/HG_Cal_server_v4.c'
'Invoking: ARM v7 Linux gcc compiler'
arm-linux-gnueabihf-gcc -Wall -O0 -g3 -c -fmessage-length=0 -MT"src/HG_Cal_server_v4.o" -MMD -MP -MF"src/HG_Cal_server_v4.d" -MT"src/HG_Cal_server_v4.o" -o "src/HG_Cal_server_v4.o" "../src/HG_Cal_server_v4.c"
../src/HG_Cal_server_v4.c: In function 'main':
../src/HG_Cal_server_v4.c:104:61: warning: pointer targets in passing argument 3 of 'accept' differ in signedness [-Wpointer-sign]
   newsockfd = accept(sockfd, (struct sockaddr *) &cli_addr, &clilen);
                                                             ^~~~~~~
In file included from ../src/HG_Cal_server_v4.c:4:
c:\xilinx\sdk\2019.1\gnu\aarch32\nt\gcc-arm-linux-gnueabi\arm-linux-gnueabihf\libc\usr\include\sys\socket.h:232:12: note: expected 'socklen_t * restrict' {aka 'unsigned int * restrict'} but argument is of type 'int *'
 extern int accept (int __fd, __SOCKADDR_ARG __addr,
            ^~~~~~
../src/HG_Cal_server_v4.c:99:6: warning: unused variable 'testcounter_addr' [-Wunused-variable]
  int testcounter_addr = 1093140480;
      ^~~~~~~~~~~~~~~~
../src/HG_Cal_server_v4.c:97:6: warning: unused variable 'counterreset_addr' [-Wunused-variable]
  int counterreset_addr = 1093009408;
      ^~~~~~~~~~~~~~~~~
'Finished building: ../src/HG_Cal_server_v4.c'
' '
'Building target: HG_Cal_server_v4.elf'
'Invoking: ARM v7 Linux gcc linker'
arm-linux-gnueabihf-gcc  -o "HG_Cal_server_v4.elf"  ./src/HG_Cal_server_v4.o   
'Finished building target: HG_Cal_server_v4.elf'
' '
'Invoking: ARM v7 Linux Print Size'
arm-linux-gnueabihf-size HG_Cal_server_v4.elf  |tee "HG_Cal_server_v4.elf.size"
   text	   data	    bss	    dec	    hex	filename
   3161	    336	      8	   3505	    db1	HG_Cal_server_v4.elf
'Finished building: HG_Cal_server_v4.elf.size'
' '
18:39:43 **** Incremental Build of configuration Debug for project HG_Cal_server_v4 ****
make all 
make: Nothing to be done for 'all'.
18:45:35 **** Auto Build of configuration Debug for project HG_Cal_server_v4 ****
make all 
'Building file: ../src/HG_Cal_server_v4.c'
'Invoking: ARM v7 Linux gcc compiler'
arm-linux-gnueabihf-gcc -Wall -O0 -g3 -c -fmessage-length=0 -MT"src/HG_Cal_server_v4.o" -MMD -MP -MF"src/HG_Cal_server_v4.d" -MT"src/HG_Cal_server_v4.o" -o "src/HG_Cal_server_v4.o" "../src/HG_Cal_server_v4.c"
../src/HG_Cal_server_v4.c: In function 'main':
../src/HG_Cal_server_v4.c:104:61: warning: pointer targets in passing argument 3 of 'accept' differ in signedness [-Wpointer-sign]
   newsockfd = accept(sockfd, (struct sockaddr *) &cli_addr, &clilen);
                                                             ^~~~~~~
In file included from ../src/HG_Cal_server_v4.c:4:
c:\xilinx\sdk\2019.1\gnu\aarch32\nt\gcc-arm-linux-gnueabi\arm-linux-gnueabihf\libc\usr\include\sys\socket.h:232:12: note: expected 'socklen_t * restrict' {aka 'unsigned int * restrict'} but argument is of type 'int *'
 extern int accept (int __fd, __SOCKADDR_ARG __addr,
            ^~~~~~
../src/HG_Cal_server_v4.c:99:6: warning: unused variable 'testcounter_addr' [-Wunused-variable]
  int testcounter_addr = 1093140480;
      ^~~~~~~~~~~~~~~~
../src/HG_Cal_server_v4.c:97:6: warning: unused variable 'counterreset_addr' [-Wunused-variable]
  int counterreset_addr = 1093009408;
      ^~~~~~~~~~~~~~~~~
'Finished building: ../src/HG_Cal_server_v4.c'
' '
'Building target: HG_Cal_server_v4.elf'
'Invoking: ARM v7 Linux gcc linker'
arm-linux-gnueabihf-gcc  -o "HG_Cal_server_v4.elf"  ./src/HG_Cal_server_v4.o   
'Finished building target: HG_Cal_server_v4.elf'
' '
'Invoking: ARM v7 Linux Print Size'
arm-linux-gnueabihf-size HG_Cal_server_v4.elf  |tee "HG_Cal_server_v4.elf.size"
   text	   data	    bss	    dec	    hex	filename
   3161	    336	      8	   3505	    db1	HG_Cal_server_v4.elf
'Finished building: HG_Cal_server_v4.elf.size'
' '
18:45:44 **** Incremental Build of configuration Debug for project HG_Cal_server_v4 ****
make all 
make: Nothing to be done for 'all'.
18:49:18 **** Incremental Build of configuration Debug for project HG_Cal_server_v4 ****
make all 
make: Nothing to be done for 'all'.
18:52:49 **** Auto Build of configuration Debug for project HG_Cal_server_v4 ****
make all 
'Building file: ../src/HG_Cal_server_v4.c'
'Invoking: ARM v7 Linux gcc compiler'
arm-linux-gnueabihf-gcc -Wall -O0 -g3 -c -fmessage-length=0 -MT"src/HG_Cal_server_v4.o" -MMD -MP -MF"src/HG_Cal_server_v4.d" -MT"src/HG_Cal_server_v4.o" -o "src/HG_Cal_server_v4.o" "../src/HG_Cal_server_v4.c"
../src/HG_Cal_server_v4.c: In function 'main':
../src/HG_Cal_server_v4.c:104:61: warning: pointer targets in passing argument 3 of 'accept' differ in signedness [-Wpointer-sign]
   newsockfd = accept(sockfd, (struct sockaddr *) &cli_addr, &clilen);
                                                             ^~~~~~~
In file included from ../src/HG_Cal_server_v4.c:4:
c:\xilinx\sdk\2019.1\gnu\aarch32\nt\gcc-arm-linux-gnueabi\arm-linux-gnueabihf\libc\usr\include\sys\socket.h:232:12: note: expected 'socklen_t * restrict' {aka 'unsigned int * restrict'} but argument is of type 'int *'
 extern int accept (int __fd, __SOCKADDR_ARG __addr,
            ^~~~~~
../src/HG_Cal_server_v4.c:116:69: warning: format '%f' expects argument of type 'double', but argument 4 has type 'int' [-Wformat=]
         printf("Received contents: dacData=%d, dacNum=%d, deadtime=%f, pulsewidth=%f top=%d, middle=%d, bottom=%d\n",
                                                                    ~^
                                                                    %d
          p->dacData, p->dacNum, (int)p->deadtime, (int)p->pulsewidth, p->top, p->middle, p->bottom);
                                 ~~~~~~~~~~~~~~~~                     
../src/HG_Cal_server_v4.c:116:84: warning: format '%f' expects argument of type 'double', but argument 5 has type 'int' [-Wformat=]
         printf("Received contents: dacData=%d, dacNum=%d, deadtime=%f, pulsewidth=%f top=%d, middle=%d, bottom=%d\n",
                                                                                   ~^
                                                                                   %d
          p->dacData, p->dacNum, (int)p->deadtime, (int)p->pulsewidth, p->top, p->middle, p->bottom);
                                                   ~~~~~~~~~~~~~~~~~~                
../src/HG_Cal_server_v4.c:99:6: warning: unused variable 'testcounter_addr' [-Wunused-variable]
  int testcounter_addr = 1093140480;
      ^~~~~~~~~~~~~~~~
../src/HG_Cal_server_v4.c:97:6: warning: unused variable 'counterreset_addr' [-Wunused-variable]
  int counterreset_addr = 1093009408;
      ^~~~~~~~~~~~~~~~~
'Finished building: ../src/HG_Cal_server_v4.c'
' '
'Building target: HG_Cal_server_v4.elf'
'Invoking: ARM v7 Linux gcc linker'
arm-linux-gnueabihf-gcc  -o "HG_Cal_server_v4.elf"  ./src/HG_Cal_server_v4.o   
'Finished building target: HG_Cal_server_v4.elf'
' '
'Invoking: ARM v7 Linux Print Size'
arm-linux-gnueabihf-size HG_Cal_server_v4.elf  |tee "HG_Cal_server_v4.elf.size"
   text	   data	    bss	    dec	    hex	filename
   3161	    336	      8	   3505	    db1	HG_Cal_server_v4.elf
'Finished building: HG_Cal_server_v4.elf.size'
' '
18:52:59 **** Incremental Build of configuration Debug for project HG_Cal_server_v4 ****
make all 
make: Nothing to be done for 'all'.
18:54:16 **** Auto Build of configuration Debug for project HG_Cal_server_v4 ****
make all 
'Building file: ../src/HG_Cal_server_v4.c'
'Invoking: ARM v7 Linux gcc compiler'
arm-linux-gnueabihf-gcc -Wall -O0 -g3 -c -fmessage-length=0 -MT"src/HG_Cal_server_v4.o" -MMD -MP -MF"src/HG_Cal_server_v4.d" -MT"src/HG_Cal_server_v4.o" -o "src/HG_Cal_server_v4.o" "../src/HG_Cal_server_v4.c"
../src/HG_Cal_server_v4.c: In function 'main':
../src/HG_Cal_server_v4.c:104:61: warning: pointer targets in passing argument 3 of 'accept' differ in signedness [-Wpointer-sign]
   newsockfd = accept(sockfd, (struct sockaddr *) &cli_addr, &clilen);
                                                             ^~~~~~~
In file included from ../src/HG_Cal_server_v4.c:4:
c:\xilinx\sdk\2019.1\gnu\aarch32\nt\gcc-arm-linux-gnueabi\arm-linux-gnueabihf\libc\usr\include\sys\socket.h:232:12: note: expected 'socklen_t * restrict' {aka 'unsigned int * restrict'} but argument is of type 'int *'
 extern int accept (int __fd, __SOCKADDR_ARG __addr,
            ^~~~~~
../src/HG_Cal_server_v4.c:119:31: warning: format '%d' expects a matching 'int' argument [-Wformat=]
         printf("pulse width: %d \n");
                              ~^
../src/HG_Cal_server_v4.c:99:6: warning: unused variable 'testcounter_addr' [-Wunused-variable]
  int testcounter_addr = 1093140480;
      ^~~~~~~~~~~~~~~~
../src/HG_Cal_server_v4.c:97:6: warning: unused variable 'counterreset_addr' [-Wunused-variable]
  int counterreset_addr = 1093009408;
      ^~~~~~~~~~~~~~~~~
'Finished building: ../src/HG_Cal_server_v4.c'
' '
'Building target: HG_Cal_server_v4.elf'
'Invoking: ARM v7 Linux gcc linker'
arm-linux-gnueabihf-gcc  -o "HG_Cal_server_v4.elf"  ./src/HG_Cal_server_v4.o   
'Finished building target: HG_Cal_server_v4.elf'
' '
'Invoking: ARM v7 Linux Print Size'
arm-linux-gnueabihf-size HG_Cal_server_v4.elf  |tee "HG_Cal_server_v4.elf.size"
   text	   data	    bss	    dec	    hex	filename
   3197	    336	      8	   3541	    dd5	HG_Cal_server_v4.elf
'Finished building: HG_Cal_server_v4.elf.size'
' '
18:54:19 **** Auto Build of configuration Debug for project HG_Cal_server_v4 ****
make all 
'Building file: ../src/HG_Cal_server_v4.c'
'Invoking: ARM v7 Linux gcc compiler'
arm-linux-gnueabihf-gcc -Wall -O0 -g3 -c -fmessage-length=0 -MT"src/HG_Cal_server_v4.o" -MMD -MP -MF"src/HG_Cal_server_v4.d" -MT"src/HG_Cal_server_v4.o" -o "src/HG_Cal_server_v4.o" "../src/HG_Cal_server_v4.c"
../src/HG_Cal_server_v4.c: In function 'main':
../src/HG_Cal_server_v4.c:104:61: warning: pointer targets in passing argument 3 of 'accept' differ in signedness [-Wpointer-sign]
   newsockfd = accept(sockfd, (struct sockaddr *) &cli_addr, &clilen);
                                                             ^~~~~~~
In file included from ../src/HG_Cal_server_v4.c:4:
c:\xilinx\sdk\2019.1\gnu\aarch32\nt\gcc-arm-linux-gnueabi\arm-linux-gnueabihf\libc\usr\include\sys\socket.h:232:12: note: expected 'socklen_t * restrict' {aka 'unsigned int * restrict'} but argument is of type 'int *'
 extern int accept (int __fd, __SOCKADDR_ARG __addr,
            ^~~~~~
../src/HG_Cal_server_v4.c:99:6: warning: unused variable 'testcounter_addr' [-Wunused-variable]
  int testcounter_addr = 1093140480;
      ^~~~~~~~~~~~~~~~
../src/HG_Cal_server_v4.c:97:6: warning: unused variable 'counterreset_addr' [-Wunused-variable]
  int counterreset_addr = 1093009408;
      ^~~~~~~~~~~~~~~~~
'Finished building: ../src/HG_Cal_server_v4.c'
' '
'Building target: HG_Cal_server_v4.elf'
'Invoking: ARM v7 Linux gcc linker'
arm-linux-gnueabihf-gcc  -o "HG_Cal_server_v4.elf"  ./src/HG_Cal_server_v4.o   
'Finished building target: HG_Cal_server_v4.elf'
' '
'Invoking: ARM v7 Linux Print Size'
arm-linux-gnueabihf-size HG_Cal_server_v4.elf  |tee "HG_Cal_server_v4.elf.size"
   text	   data	    bss	    dec	    hex	filename
   3161	    336	      8	   3505	    db1	HG_Cal_server_v4.elf
'Finished building: HG_Cal_server_v4.elf.size'
' '
18:54:24 **** Incremental Build of configuration Debug for project HG_Cal_server_v4 ****
make all 
make: Nothing to be done for 'all'.
11:39:41 **** Incremental Build of configuration Debug for project HG_Cal_server_v4 ****
make all 
make: Nothing to be done for 'all'.
14:25:42 **** Incremental Build of configuration Debug for project HG_Cal_server_v4 ****
make all 
make: Nothing to be done for 'all'.
14:25:55 **** Auto Build of configuration Debug for project HG_Cal_server_v4 ****
make all 
'Building file: ../src/HG_Cal_server_v4.c'
'Invoking: ARM v7 Linux gcc compiler'
arm-linux-gnueabihf-gcc -Wall -O0 -g3 -c -fmessage-length=0 -MT"src/HG_Cal_server_v4.o" -MMD -MP -MF"src/HG_Cal_server_v4.d" -MT"src/HG_Cal_server_v4.o" -o "src/HG_Cal_server_v4.o" "../src/HG_Cal_server_v4.c"
../src/HG_Cal_server_v4.c: In function 'main':
../src/HG_Cal_server_v4.c:104:61: warning: pointer targets in passing argument 3 of 'accept' differ in signedness [-Wpointer-sign]
   newsockfd = accept(sockfd, (struct sockaddr *) &cli_addr, &clilen);
                                                             ^~~~~~~
In file included from ../src/HG_Cal_server_v4.c:4:
c:\xilinx\sdk\2019.1\gnu\aarch32\nt\gcc-arm-linux-gnueabi\arm-linux-gnueabihf\libc\usr\include\sys\socket.h:232:12: note: expected 'socklen_t * restrict' {aka 'unsigned int * restrict'} but argument is of type 'int *'
 extern int accept (int __fd, __SOCKADDR_ARG __addr,
            ^~~~~~
../src/HG_Cal_server_v4.c:99:6: warning: unused variable 'testcounter_addr' [-Wunused-variable]
  int testcounter_addr = 1093140480;
      ^~~~~~~~~~~~~~~~
../src/HG_Cal_server_v4.c:97:6: warning: unused variable 'counterreset_addr' [-Wunused-variable]
  int counterreset_addr = 1093009408;
      ^~~~~~~~~~~~~~~~~
'Finished building: ../src/HG_Cal_server_v4.c'
' '
'Building target: HG_Cal_server_v4.elf'
'Invoking: ARM v7 Linux gcc linker'
arm-linux-gnueabihf-gcc  -o "HG_Cal_server_v4.elf"  ./src/HG_Cal_server_v4.o   
'Finished building target: HG_Cal_server_v4.elf'
' '
'Invoking: ARM v7 Linux Print Size'
arm-linux-gnueabihf-size HG_Cal_server_v4.elf  |tee "HG_Cal_server_v4.elf.size"
   text	   data	    bss	    dec	    hex	filename
   3161	    336	      8	   3505	    db1	HG_Cal_server_v4.elf
'Finished building: HG_Cal_server_v4.elf.size'
' '
15:52:43 **** Incremental Build of configuration Debug for project HG_Cal_server_v4 ****
make all 
make: Nothing to be done for 'all'.
15:53:48 **** Incremental Build of configuration Debug for project HG_Cal_server_v4 ****
make all 
make: Nothing to be done for 'all'.
09:04:06 **** Build of configuration Debug for project HG_Cal_server_v5 ****
make all 
'Building file: ../src/helloworld.c'
'Invoking: ARM v7 Linux gcc compiler'
arm-linux-gnueabihf-gcc -Wall -O0 -g3 -c -fmessage-length=0 -MT"src/helloworld.o" -MMD -MP -MF"src/helloworld.d" -MT"src/helloworld.o" -o "src/helloworld.o" "../src/helloworld.c"
'Finished building: ../src/helloworld.c'
' '
'Building target: HG_Cal_server_v5.elf'
'Invoking: ARM v7 Linux gcc linker'
arm-linux-gnueabihf-gcc  -o "HG_Cal_server_v5.elf"  ./src/helloworld.o   
'Finished building target: HG_Cal_server_v5.elf'
' '
'Invoking: ARM v7 Linux Print Size'
arm-linux-gnueabihf-size HG_Cal_server_v5.elf  |tee "HG_Cal_server_v5.elf.size"
   text	   data	    bss	    dec	    hex	filename
    852	    280	      4	   1136	    470	HG_Cal_server_v5.elf
'Finished building: HG_Cal_server_v5.elf.size'
' '
09:04:53 **** Auto Build of configuration Debug for project HG_Cal_server_v5 ****
make all 
'Building file: ../src/HG_Cal_server_v5.c'
'Invoking: ARM v7 Linux gcc compiler'
arm-linux-gnueabihf-gcc -Wall -O0 -g3 -c -fmessage-length=0 -MT"src/HG_Cal_server_v5.o" -MMD -MP -MF"src/HG_Cal_server_v5.d" -MT"src/HG_Cal_server_v5.o" -o "src/HG_Cal_server_v5.o" "../src/HG_Cal_server_v5.c"
'Finished building: ../src/HG_Cal_server_v5.c'
' '
'Building target: HG_Cal_server_v5.elf'
'Invoking: ARM v7 Linux gcc linker'
arm-linux-gnueabihf-gcc  -o "HG_Cal_server_v5.elf"  ./src/HG_Cal_server_v5.o   
'Finished building target: HG_Cal_server_v5.elf'
' '
'Invoking: ARM v7 Linux Print Size'
arm-linux-gnueabihf-size HG_Cal_server_v5.elf  |tee "HG_Cal_server_v5.elf.size"
   text	   data	    bss	    dec	    hex	filename
    852	    280	      4	   1136	    470	HG_Cal_server_v5.elf
'Finished building: HG_Cal_server_v5.elf.size'
' '
09:05:12 **** Auto Build of configuration Debug for project HG_Cal_server_v5 ****
make all 
'Building file: ../src/HG_Cal_server_v5.c'
'Invoking: ARM v7 Linux gcc compiler'
arm-linux-gnueabihf-gcc -Wall -O0 -g3 -c -fmessage-length=0 -MT"src/HG_Cal_server_v5.o" -MMD -MP -MF"src/HG_Cal_server_v5.d" -MT"src/HG_Cal_server_v5.o" -o "src/HG_Cal_server_v5.o" "../src/HG_Cal_server_v5.c"
../src/HG_Cal_server_v5.c: In function 'handle_counter':
../src/HG_Cal_server_v5.c:94:6: warning: unused variable 'n' [-Wunused-variable]
  int n;
      ^
../src/HG_Cal_server_v5.c:93:7: warning: unused variable 'buffer' [-Wunused-variable]
  char buffer[256];
       ^~~~~~
../src/HG_Cal_server_v5.c: In function 'main':
../src/HG_Cal_server_v5.c:175:61: warning: pointer targets in passing argument 3 of 'accept' differ in signedness [-Wpointer-sign]
   newsockfd = accept(sockfd, (struct sockaddr *) &cli_addr, &clilen);
                                                             ^~~~~~~
In file included from ../src/HG_Cal_server_v5.c:3:
c:\xilinx\sdk\2019.1\gnu\aarch32\nt\gcc-arm-linux-gnueabi\arm-linux-gnueabihf\libc\usr\include\sys\socket.h:232:12: note: expected 'socklen_t * restrict' {aka 'unsigned int * restrict'} but argument is of type 'int *'
 extern int accept (int __fd, __SOCKADDR_ARG __addr,
            ^~~~~~
../src/HG_Cal_server_v5.c:168:6: warning: unused variable 'forked' [-Wunused-variable]
  int forked = 0;
      ^~~~~~
../src/HG_Cal_server_v5.c:165:6: warning: unused variable 'selection_addr' [-Wunused-variable]
  int selection_addr = 1093074944;
      ^~~~~~~~~~~~~~
../src/HG_Cal_server_v5.c:164:6: warning: unused variable 'counterstop_addr' [-Wunused-variable]
  int counterstop_addr = 1093009416;
      ^~~~~~~~~~~~~~~~
../src/HG_Cal_server_v5.c:163:6: warning: unused variable 'counterreset_addr' [-Wunused-variable]
  int counterreset_addr = 1093009408;
      ^~~~~~~~~~~~~~~~~
../src/HG_Cal_server_v5.c:162:6: warning: unused variable 'pulsewidth_addr' [-Wunused-variable]
  int pulsewidth_addr = 1092943880;
      ^~~~~~~~~~~~~~~
../src/HG_Cal_server_v5.c:161:6: warning: unused variable 'deadtime_addr' [-Wunused-variable]
  int deadtime_addr = 1092943872;
      ^~~~~~~~~~~~~
../src/HG_Cal_server_v5.c:160:6: warning: unused variable 'truthaddr_3_4' [-Wunused-variable]
  int truthaddr_3_4 = 1092878344;
      ^~~~~~~~~~~~~
../src/HG_Cal_server_v5.c:159:6: warning: unused variable 'truthaddr_1_2' [-Wunused-variable]
  int truthaddr_1_2 = 1092878336;
      ^~~~~~~~~~~~~
../src/HG_Cal_server_v5.c:156:6: warning: unused variable 'inputselection' [-Wunused-variable]
  int inputselection = 4*pow(2,8) + 6*pow(2,4) + 5*pow(2,0);
      ^~~~~~~~~~~~~~
'Finished building: ../src/HG_Cal_server_v5.c'
' '
'Building target: HG_Cal_server_v5.elf'
'Invoking: ARM v7 Linux gcc linker'
arm-linux-gnueabihf-gcc  -o "HG_Cal_server_v5.elf"  ./src/HG_Cal_server_v5.o   
'Finished building target: HG_Cal_server_v5.elf'
' '
'Invoking: ARM v7 Linux Print Size'
arm-linux-gnueabihf-size HG_Cal_server_v5.elf  |tee "HG_Cal_server_v5.elf.size"
   text	   data	    bss	    dec	    hex	filename
   3990	    368	      8	   4366	   110e	HG_Cal_server_v5.elf
'Finished building: HG_Cal_server_v5.elf.size'
' '
09:05:44 **** Auto Build of configuration Debug for project HG_Cal_server_v5 ****
make all 
'Building file: ../src/HG_Cal_server_v5.c'
'Invoking: ARM v7 Linux gcc compiler'
arm-linux-gnueabihf-gcc -Wall -O0 -g3 -c -fmessage-length=0 -MT"src/HG_Cal_server_v5.o" -MMD -MP -MF"src/HG_Cal_server_v5.d" -MT"src/HG_Cal_server_v5.o" -o "src/HG_Cal_server_v5.o" "../src/HG_Cal_server_v5.c"
../src/HG_Cal_server_v5.c: In function 'handle_counter':
../src/HG_Cal_server_v5.c:94:6: warning: unused variable 'n' [-Wunused-variable]
  int n;
      ^
../src/HG_Cal_server_v5.c:93:7: warning: unused variable 'buffer' [-Wunused-variable]
  char buffer[256];
       ^~~~~~
../src/HG_Cal_server_v5.c: In function 'main':
../src/HG_Cal_server_v5.c:175:61: warning: pointer targets in passing argument 3 of 'accept' differ in signedness [-Wpointer-sign]
   newsockfd = accept(sockfd, (struct sockaddr *) &cli_addr, &clilen);
                                                             ^~~~~~~
In file included from ../src/HG_Cal_server_v5.c:3:
c:\xilinx\sdk\2019.1\gnu\aarch32\nt\gcc-arm-linux-gnueabi\arm-linux-gnueabihf\libc\usr\include\sys\socket.h:232:12: note: expected 'socklen_t * restrict' {aka 'unsigned int * restrict'} but argument is of type 'int *'
 extern int accept (int __fd, __SOCKADDR_ARG __addr,
            ^~~~~~
../src/HG_Cal_server_v5.c:168:6: warning: unused variable 'forked' [-Wunused-variable]
  int forked = 0;
      ^~~~~~
../src/HG_Cal_server_v5.c:165:6: warning: unused variable 'selection_addr' [-Wunused-variable]
  int selection_addr = 1093074944;
      ^~~~~~~~~~~~~~
../src/HG_Cal_server_v5.c:164:6: warning: unused variable 'counterstop_addr' [-Wunused-variable]
  int counterstop_addr = 1093009416;
      ^~~~~~~~~~~~~~~~
../src/HG_Cal_server_v5.c:163:6: warning: unused variable 'counterreset_addr' [-Wunused-variable]
  int counterreset_addr = 1093009408;
      ^~~~~~~~~~~~~~~~~
../src/HG_Cal_server_v5.c:162:6: warning: unused variable 'pulsewidth_addr' [-Wunused-variable]
  int pulsewidth_addr = 1092943880;
      ^~~~~~~~~~~~~~~
../src/HG_Cal_server_v5.c:161:6: warning: unused variable 'deadtime_addr' [-Wunused-variable]
  int deadtime_addr = 1092943872;
      ^~~~~~~~~~~~~
../src/HG_Cal_server_v5.c:160:6: warning: unused variable 'truthaddr_3_4' [-Wunused-variable]
  int truthaddr_3_4 = 1092878344;
      ^~~~~~~~~~~~~
../src/HG_Cal_server_v5.c:159:6: warning: unused variable 'truthaddr_1_2' [-Wunused-variable]
  int truthaddr_1_2 = 1092878336;
      ^~~~~~~~~~~~~
../src/HG_Cal_server_v5.c:156:6: warning: unused variable 'inputselection' [-Wunused-variable]
  int inputselection = 4*pow(2,8) + 6*pow(2,4) + 5*pow(2,0);
      ^~~~~~~~~~~~~~
../src/HG_Cal_server_v5.c:114:7: warning: unused variable 'gpio_addr' [-Wunused-variable]
   int gpio_addr;
       ^~~~~~~~~
'Finished building: ../src/HG_Cal_server_v5.c'
' '
'Building target: HG_Cal_server_v5.elf'
'Invoking: ARM v7 Linux gcc linker'
arm-linux-gnueabihf-gcc  -o "HG_Cal_server_v5.elf"  ./src/HG_Cal_server_v5.o   
'Finished building target: HG_Cal_server_v5.elf'
' '
'Invoking: ARM v7 Linux Print Size'
arm-linux-gnueabihf-size HG_Cal_server_v5.elf  |tee "HG_Cal_server_v5.elf.size"
   text	   data	    bss	    dec	    hex	filename
   4117	    372	      8	   4497	   1191	HG_Cal_server_v5.elf
'Finished building: HG_Cal_server_v5.elf.size'
' '
09:06:23 **** Auto Build of configuration Debug for project HG_Cal_server_v5 ****
make all 
'Building file: ../src/HG_Cal_server_v5.c'
'Invoking: ARM v7 Linux gcc compiler'
arm-linux-gnueabihf-gcc -Wall -O0 -g3 -c -fmessage-length=0 -MT"src/HG_Cal_server_v5.o" -MMD -MP -MF"src/HG_Cal_server_v5.d" -MT"src/HG_Cal_server_v5.o" -o "src/HG_Cal_server_v5.o" "../src/HG_Cal_server_v5.c"
../src/HG_Cal_server_v5.c: In function 'handle_counter':
../src/HG_Cal_server_v5.c:94:6: warning: unused variable 'n' [-Wunused-variable]
  int n;
      ^
../src/HG_Cal_server_v5.c:93:7: warning: unused variable 'buffer' [-Wunused-variable]
  char buffer[256];
       ^~~~~~
../src/HG_Cal_server_v5.c: In function 'main':
../src/HG_Cal_server_v5.c:174:61: warning: pointer targets in passing argument 3 of 'accept' differ in signedness [-Wpointer-sign]
   newsockfd = accept(sockfd, (struct sockaddr *) &cli_addr, &clilen);
                                                             ^~~~~~~
In file included from ../src/HG_Cal_server_v5.c:3:
c:\xilinx\sdk\2019.1\gnu\aarch32\nt\gcc-arm-linux-gnueabi\arm-linux-gnueabihf\libc\usr\include\sys\socket.h:232:12: note: expected 'socklen_t * restrict' {aka 'unsigned int * restrict'} but argument is of type 'int *'
 extern int accept (int __fd, __SOCKADDR_ARG __addr,
            ^~~~~~
../src/HG_Cal_server_v5.c:167:6: warning: unused variable 'forked' [-Wunused-variable]
  int forked = 0;
      ^~~~~~
../src/HG_Cal_server_v5.c:164:6: warning: unused variable 'selection_addr' [-Wunused-variable]
  int selection_addr = 1093074944;
      ^~~~~~~~~~~~~~
../src/HG_Cal_server_v5.c:163:6: warning: unused variable 'counterstop_addr' [-Wunused-variable]
  int counterstop_addr = 1093009416;
      ^~~~~~~~~~~~~~~~
../src/HG_Cal_server_v5.c:162:6: warning: unused variable 'counterreset_addr' [-Wunused-variable]
  int counterreset_addr = 1093009408;
      ^~~~~~~~~~~~~~~~~
../src/HG_Cal_server_v5.c:161:6: warning: unused variable 'pulsewidth_addr' [-Wunused-variable]
  int pulsewidth_addr = 1092943880;
      ^~~~~~~~~~~~~~~
../src/HG_Cal_server_v5.c:160:6: warning: unused variable 'deadtime_addr' [-Wunused-variable]
  int deadtime_addr = 1092943872;
      ^~~~~~~~~~~~~
../src/HG_Cal_server_v5.c:159:6: warning: unused variable 'truthaddr_3_4' [-Wunused-variable]
  int truthaddr_3_4 = 1092878344;
      ^~~~~~~~~~~~~
../src/HG_Cal_server_v5.c:158:6: warning: unused variable 'truthaddr_1_2' [-Wunused-variable]
  int truthaddr_1_2 = 1092878336;
      ^~~~~~~~~~~~~
../src/HG_Cal_server_v5.c:155:6: warning: unused variable 'inputselection' [-Wunused-variable]
  int inputselection = 4*pow(2,8) + 6*pow(2,4) + 5*pow(2,0);
      ^~~~~~~~~~~~~~
../src/HG_Cal_server_v5.c:113:7: warning: unused variable 'gpio_addr' [-Wunused-variable]
   int gpio_addr;
       ^~~~~~~~~
'Finished building: ../src/HG_Cal_server_v5.c'
' '
'Building target: HG_Cal_server_v5.elf'
'Invoking: ARM v7 Linux gcc linker'
arm-linux-gnueabihf-gcc  -o "HG_Cal_server_v5.elf"  ./src/HG_Cal_server_v5.o   
'Finished building target: HG_Cal_server_v5.elf'
' '
'Invoking: ARM v7 Linux Print Size'
arm-linux-gnueabihf-size HG_Cal_server_v5.elf  |tee "HG_Cal_server_v5.elf.size"
   text	   data	    bss	    dec	    hex	filename
   4125	    372	      8	   4505	   1199	HG_Cal_server_v5.elf
'Finished building: HG_Cal_server_v5.elf.size'
' '
09:06:28 **** Auto Build of configuration Debug for project HG_Cal_server_v5 ****
make all 
'Building file: ../src/HG_Cal_server_v5.c'
'Invoking: ARM v7 Linux gcc compiler'
arm-linux-gnueabihf-gcc -Wall -O0 -g3 -c -fmessage-length=0 -MT"src/HG_Cal_server_v5.o" -MMD -MP -MF"src/HG_Cal_server_v5.d" -MT"src/HG_Cal_server_v5.o" -o "src/HG_Cal_server_v5.o" "../src/HG_Cal_server_v5.c"
../src/HG_Cal_server_v5.c: In function 'handle_counter':
../src/HG_Cal_server_v5.c:100:29: error: 'fd' undeclared (first use in this function); did you mean 'sd'?
   count = readGPIO(address, fd)
                             ^~
                             sd
../src/HG_Cal_server_v5.c:100:29: note: each undeclared identifier is reported only once for each function it appears in
../src/HG_Cal_server_v5.c:100:32: error: expected ';' before 'sleep'
   count = readGPIO(address, fd)
                                ^
                                ;
   sleep(1);
   ~~~~~                         
../src/HG_Cal_server_v5.c:94:6: warning: unused variable 'n' [-Wunused-variable]
  int n;
      ^
../src/HG_Cal_server_v5.c:93:7: warning: unused variable 'buffer' [-Wunused-variable]
  char buffer[256];
       ^~~~~~
../src/HG_Cal_server_v5.c: In function 'main':
../src/HG_Cal_server_v5.c:175:61: warning: pointer targets in passing argument 3 of 'accept' differ in signedness [-Wpointer-sign]
   newsockfd = accept(sockfd, (struct sockaddr *) &cli_addr, &clilen);
                                                             ^~~~~~~
In file included from ../src/HG_Cal_server_v5.c:3:
c:\xilinx\sdk\2019.1\gnu\aarch32\nt\gcc-arm-linux-gnueabi\arm-linux-gnueabihf\libc\usr\include\sys\socket.h:232:12: note: expected 'socklen_t * restrict' {aka 'unsigned int * restrict'} but argument is of type 'int *'
 extern int accept (int __fd, __SOCKADDR_ARG __addr,
            ^~~~~~
../src/HG_Cal_server_v5.c:168:6: warning: unused variable 'forked' [-Wunused-variable]
  int forked = 0;
      ^~~~~~
../src/HG_Cal_server_v5.c:165:6: warning: unused variable 'selection_addr' [-Wunused-variable]
  int selection_addr = 1093074944;
      ^~~~~~~~~~~~~~
../src/HG_Cal_server_v5.c:164:6: warning: unused variable 'counterstop_addr' [-Wunused-variable]
  int counterstop_addr = 1093009416;
      ^~~~~~~~~~~~~~~~
../src/HG_Cal_server_v5.c:163:6: warning: unused variable 'counterreset_addr' [-Wunused-variable]
  int counterreset_addr = 1093009408;
      ^~~~~~~~~~~~~~~~~
../src/HG_Cal_server_v5.c:162:6: warning: unused variable 'pulsewidth_addr' [-Wunused-variable]
  int pulsewidth_addr = 1092943880;
      ^~~~~~~~~~~~~~~
../src/HG_Cal_server_v5.c:161:6: warning: unused variable 'deadtime_addr' [-Wunused-variable]
  int deadtime_addr = 1092943872;
      ^~~~~~~~~~~~~
../src/HG_Cal_server_v5.c:160:6: warning: unused variable 'truthaddr_3_4' [-Wunused-variable]
  int truthaddr_3_4 = 1092878344;
      ^~~~~~~~~~~~~
../src/HG_Cal_server_v5.c:159:6: warning: unused variable 'truthaddr_1_2' [-Wunused-variable]
  int truthaddr_1_2 = 1092878336;
      ^~~~~~~~~~~~~
../src/HG_Cal_server_v5.c:156:6: warning: unused variable 'inputselection' [-Wunused-variable]
  int inputselection = 4*pow(2,8) + 6*pow(2,4) + 5*pow(2,0);
      ^~~~~~~~~~~~~~
../src/HG_Cal_server_v5.c:114:7: warning: unused variable 'gpio_addr' [-Wunused-variable]
   int gpio_addr;
       ^~~~~~~~~
make: *** [src/subdir.mk:20: src/HG_Cal_server_v5.o] Error 1
09:06:33 **** Auto Build of configuration Debug for project HG_Cal_server_v5 ****
make all 
'Building file: ../src/HG_Cal_server_v5.c'
'Invoking: ARM v7 Linux gcc compiler'
arm-linux-gnueabihf-gcc -Wall -O0 -g3 -c -fmessage-length=0 -MT"src/HG_Cal_server_v5.o" -MMD -MP -MF"src/HG_Cal_server_v5.d" -MT"src/HG_Cal_server_v5.o" -o "src/HG_Cal_server_v5.o" "../src/HG_Cal_server_v5.c"
../src/HG_Cal_server_v5.c: In function 'handle_counter':
../src/HG_Cal_server_v5.c:100:29: error: 'fd' undeclared (first use in this function); did you mean 'sd'?
   count = readGPIO(address, fd);
                             ^~
                             sd
../src/HG_Cal_server_v5.c:100:29: note: each undeclared identifier is reported only once for each function it appears in
../src/HG_Cal_server_v5.c:94:6: warning: unused variable 'n' [-Wunused-variable]
  int n;
      ^
../src/HG_Cal_server_v5.c:93:7: warning: unused variable 'buffer' [-Wunused-variable]
  char buffer[256];
       ^~~~~~
../src/HG_Cal_server_v5.c: In function 'main':
../src/HG_Cal_server_v5.c:175:61: warning: pointer targets in passing argument 3 of 'accept' differ in signedness [-Wpointer-sign]
   newsockfd = accept(sockfd, (struct sockaddr *) &cli_addr, &clilen);
                                                             ^~~~~~~
In file included from ../src/HG_Cal_server_v5.c:3:
c:\xilinx\sdk\2019.1\gnu\aarch32\nt\gcc-arm-linux-gnueabi\arm-linux-gnueabihf\libc\usr\include\sys\socket.h:232:12: note: expected 'socklen_t * restrict' {aka 'unsigned int * restrict'} but argument is of type 'int *'
 extern int accept (int __fd, __SOCKADDR_ARG __addr,
            ^~~~~~
../src/HG_Cal_server_v5.c:168:6: warning: unused variable 'forked' [-Wunused-variable]
  int forked = 0;
      ^~~~~~
../src/HG_Cal_server_v5.c:165:6: warning: unused variable 'selection_addr' [-Wunused-variable]
  int selection_addr = 1093074944;
      ^~~~~~~~~~~~~~
../src/HG_Cal_server_v5.c:164:6: warning: unused variable 'counterstop_addr' [-Wunused-variable]
  int counterstop_addr = 1093009416;
      ^~~~~~~~~~~~~~~~
../src/HG_Cal_server_v5.c:163:6: warning: unused variable 'counterreset_addr' [-Wunused-variable]
  int counterreset_addr = 1093009408;
      ^~~~~~~~~~~~~~~~~
../src/HG_Cal_server_v5.c:162:6: warning: unused variable 'pulsewidth_addr' [-Wunused-variable]
  int pulsewidth_addr = 1092943880;
      ^~~~~~~~~~~~~~~
../src/HG_Cal_server_v5.c:161:6: warning: unused variable 'deadtime_addr' [-Wunused-variable]
  int deadtime_addr = 1092943872;
      ^~~~~~~~~~~~~
../src/HG_Cal_server_v5.c:160:6: warning: unused variable 'truthaddr_3_4' [-Wunused-variable]
  int truthaddr_3_4 = 1092878344;
      ^~~~~~~~~~~~~
../src/HG_Cal_server_v5.c:159:6: warning: unused variable 'truthaddr_1_2' [-Wunused-variable]
  int truthaddr_1_2 = 1092878336;
      ^~~~~~~~~~~~~
../src/HG_Cal_server_v5.c:156:6: warning: unused variable 'inputselection' [-Wunused-variable]
  int inputselection = 4*pow(2,8) + 6*pow(2,4) + 5*pow(2,0);
      ^~~~~~~~~~~~~~
../src/HG_Cal_server_v5.c:114:7: warning: unused variable 'gpio_addr' [-Wunused-variable]
   int gpio_addr;
       ^~~~~~~~~
make: *** [src/subdir.mk:20: src/HG_Cal_server_v5.o] Error 1
09:06:44 **** Auto Build of configuration Debug for project HG_Cal_server_v5 ****
make all 
'Building file: ../src/HG_Cal_server_v5.c'
'Invoking: ARM v7 Linux gcc compiler'
arm-linux-gnueabihf-gcc -Wall -O0 -g3 -c -fmessage-length=0 -MT"src/HG_Cal_server_v5.o" -MMD -MP -MF"src/HG_Cal_server_v5.d" -MT"src/HG_Cal_server_v5.o" -o "src/HG_Cal_server_v5.o" "../src/HG_Cal_server_v5.c"
../src/HG_Cal_server_v5.c: In function 'handle_counter':
../src/HG_Cal_server_v5.c:100:29: error: 'fd' undeclared (first use in this function); did you mean 'sd'?
   count = readGPIO(address, fd);
                             ^~
                             sd
../src/HG_Cal_server_v5.c:100:29: note: each undeclared identifier is reported only once for each function it appears in
../src/HG_Cal_server_v5.c:94:6: warning: unused variable 'n' [-Wunused-variable]
  int n;
      ^
../src/HG_Cal_server_v5.c:93:7: warning: unused variable 'buffer' [-Wunused-variable]
  char buffer[256];
       ^~~~~~
../src/HG_Cal_server_v5.c: In function 'main':
../src/HG_Cal_server_v5.c:175:61: warning: pointer targets in passing argument 3 of 'accept' differ in signedness [-Wpointer-sign]
   newsockfd = accept(sockfd, (struct sockaddr *) &cli_addr, &clilen);
                                                             ^~~~~~~
In file included from ../src/HG_Cal_server_v5.c:3:
c:\xilinx\sdk\2019.1\gnu\aarch32\nt\gcc-arm-linux-gnueabi\arm-linux-gnueabihf\libc\usr\include\sys\socket.h:232:12: note: expected 'socklen_t * restrict' {aka 'unsigned int * restrict'} but argument is of type 'int *'
 extern int accept (int __fd, __SOCKADDR_ARG __addr,
            ^~~~~~
../src/HG_Cal_server_v5.c:168:6: warning: unused variable 'forked' [-Wunused-variable]
  int forked = 0;
      ^~~~~~
../src/HG_Cal_server_v5.c:165:6: warning: unused variable 'selection_addr' [-Wunused-variable]
  int selection_addr = 1093074944;
      ^~~~~~~~~~~~~~
../src/HG_Cal_server_v5.c:164:6: warning: unused variable 'counterstop_addr' [-Wunused-variable]
  int counterstop_addr = 1093009416;
      ^~~~~~~~~~~~~~~~
../src/HG_Cal_server_v5.c:163:6: warning: unused variable 'counterreset_addr' [-Wunused-variable]
  int counterreset_addr = 1093009408;
      ^~~~~~~~~~~~~~~~~
../src/HG_Cal_server_v5.c:162:6: warning: unused variable 'pulsewidth_addr' [-Wunused-variable]
  int pulsewidth_addr = 1092943880;
      ^~~~~~~~~~~~~~~
../src/HG_Cal_server_v5.c:161:6: warning: unused variable 'deadtime_addr' [-Wunused-variable]
  int deadtime_addr = 1092943872;
      ^~~~~~~~~~~~~
../src/HG_Cal_server_v5.c:160:6: warning: unused variable 'truthaddr_3_4' [-Wunused-variable]
  int truthaddr_3_4 = 1092878344;
      ^~~~~~~~~~~~~
../src/HG_Cal_server_v5.c:159:6: warning: unused variable 'truthaddr_1_2' [-Wunused-variable]
  int truthaddr_1_2 = 1092878336;
      ^~~~~~~~~~~~~
../src/HG_Cal_server_v5.c:156:6: warning: unused variable 'inputselection' [-Wunused-variable]
  int inputselection = 4*pow(2,8) + 6*pow(2,4) + 5*pow(2,0);
      ^~~~~~~~~~~~~~
../src/HG_Cal_server_v5.c:114:7: warning: unused variable 'gpio_addr' [-Wunused-variable]
   int gpio_addr;
       ^~~~~~~~~
make: *** [src/subdir.mk:20: src/HG_Cal_server_v5.o] Error 1
09:06:47 **** Auto Build of configuration Debug for project HG_Cal_server_v5 ****
make all 
'Building file: ../src/HG_Cal_server_v5.c'
'Invoking: ARM v7 Linux gcc compiler'
arm-linux-gnueabihf-gcc -Wall -O0 -g3 -c -fmessage-length=0 -MT"src/HG_Cal_server_v5.o" -MMD -MP -MF"src/HG_Cal_server_v5.d" -MT"src/HG_Cal_server_v5.o" -o "src/HG_Cal_server_v5.o" "../src/HG_Cal_server_v5.c"
../src/HG_Cal_server_v5.c: In function 'handle_counter':
../src/HG_Cal_server_v5.c:100:29: error: 'fd' undeclared (first use in this function); did you mean 'sd'?
   count = readGPIO(address, fd);
                             ^~
                             sd
../src/HG_Cal_server_v5.c:100:29: note: each undeclared identifier is reported only once for each function it appears in
../src/HG_Cal_server_v5.c:94:6: warning: unused variable 'n' [-Wunused-variable]
  int n;
      ^
../src/HG_Cal_server_v5.c:93:7: warning: unused variable 'buffer' [-Wunused-variable]
  char buffer[256];
       ^~~~~~
../src/HG_Cal_server_v5.c: In function 'main':
../src/HG_Cal_server_v5.c:175:61: warning: pointer targets in passing argument 3 of 'accept' differ in signedness [-Wpointer-sign]
   newsockfd = accept(sockfd, (struct sockaddr *) &cli_addr, &clilen);
                                                             ^~~~~~~
In file included from ../src/HG_Cal_server_v5.c:3:
c:\xilinx\sdk\2019.1\gnu\aarch32\nt\gcc-arm-linux-gnueabi\arm-linux-gnueabihf\libc\usr\include\sys\socket.h:232:12: note: expected 'socklen_t * restrict' {aka 'unsigned int * restrict'} but argument is of type 'int *'
 extern int accept (int __fd, __SOCKADDR_ARG __addr,
            ^~~~~~
../src/HG_Cal_server_v5.c:168:6: warning: unused variable 'forked' [-Wunused-variable]
  int forked = 0;
      ^~~~~~
../src/HG_Cal_server_v5.c:165:6: warning: unused variable 'selection_addr' [-Wunused-variable]
  int selection_addr = 1093074944;
      ^~~~~~~~~~~~~~
../src/HG_Cal_server_v5.c:164:6: warning: unused variable 'counterstop_addr' [-Wunused-variable]
  int counterstop_addr = 1093009416;
      ^~~~~~~~~~~~~~~~
../src/HG_Cal_server_v5.c:163:6: warning: unused variable 'counterreset_addr' [-Wunused-variable]
  int counterreset_addr = 1093009408;
      ^~~~~~~~~~~~~~~~~
../src/HG_Cal_server_v5.c:162:6: warning: unused variable 'pulsewidth_addr' [-Wunused-variable]
  int pulsewidth_addr = 1092943880;
      ^~~~~~~~~~~~~~~
../src/HG_Cal_server_v5.c:161:6: warning: unused variable 'deadtime_addr' [-Wunused-variable]
  int deadtime_addr = 1092943872;
      ^~~~~~~~~~~~~
../src/HG_Cal_server_v5.c:160:6: warning: unused variable 'truthaddr_3_4' [-Wunused-variable]
  int truthaddr_3_4 = 1092878344;
      ^~~~~~~~~~~~~
../src/HG_Cal_server_v5.c:159:6: warning: unused variable 'truthaddr_1_2' [-Wunused-variable]
  int truthaddr_1_2 = 1092878336;
      ^~~~~~~~~~~~~
../src/HG_Cal_server_v5.c:156:6: warning: unused variable 'inputselection' [-Wunused-variable]
  int inputselection = 4*pow(2,8) + 6*pow(2,4) + 5*pow(2,0);
      ^~~~~~~~~~~~~~
../src/HG_Cal_server_v5.c:114:7: warning: unused variable 'gpio_addr' [-Wunused-variable]
   int gpio_addr;
       ^~~~~~~~~
make: *** [src/subdir.mk:20: src/HG_Cal_server_v5.o] Error 1
09:07:23 **** Auto Build of configuration Debug for project HG_Cal_server_v5 ****
make all 
'Building file: ../src/HG_Cal_server_v5.c'
'Invoking: ARM v7 Linux gcc compiler'
arm-linux-gnueabihf-gcc -Wall -O0 -g3 -c -fmessage-length=0 -MT"src/HG_Cal_server_v5.o" -MMD -MP -MF"src/HG_Cal_server_v5.d" -MT"src/HG_Cal_server_v5.o" -o "src/HG_Cal_server_v5.o" "../src/HG_Cal_server_v5.c"
../src/HG_Cal_server_v5.c: In function 'handle_counter':
../src/HG_Cal_server_v5.c:94:6: warning: unused variable 'n' [-Wunused-variable]
  int n;
      ^
../src/HG_Cal_server_v5.c:93:7: warning: unused variable 'buffer' [-Wunused-variable]
  char buffer[256];
       ^~~~~~
../src/HG_Cal_server_v5.c: In function 'main':
../src/HG_Cal_server_v5.c:175:61: warning: pointer targets in passing argument 3 of 'accept' differ in signedness [-Wpointer-sign]
   newsockfd = accept(sockfd, (struct sockaddr *) &cli_addr, &clilen);
                                                             ^~~~~~~
In file included from ../src/HG_Cal_server_v5.c:3:
c:\xilinx\sdk\2019.1\gnu\aarch32\nt\gcc-arm-linux-gnueabi\arm-linux-gnueabihf\libc\usr\include\sys\socket.h:232:12: note: expected 'socklen_t * restrict' {aka 'unsigned int * restrict'} but argument is of type 'int *'
 extern int accept (int __fd, __SOCKADDR_ARG __addr,
            ^~~~~~
../src/HG_Cal_server_v5.c:193:4: error: too few arguments to function 'handle_counter'
    handle_counter(testcounter_addr); // , fd);
    ^~~~~~~~~~~~~~
../src/HG_Cal_server_v5.c:85:6: note: declared here
 void handle_counter(unsigned address,  int fd) {
      ^~~~~~~~~~~~~~
../src/HG_Cal_server_v5.c:168:6: warning: unused variable 'forked' [-Wunused-variable]
  int forked = 0;
      ^~~~~~
../src/HG_Cal_server_v5.c:165:6: warning: unused variable 'selection_addr' [-Wunused-variable]
  int selection_addr = 1093074944;
      ^~~~~~~~~~~~~~
../src/HG_Cal_server_v5.c:164:6: warning: unused variable 'counterstop_addr' [-Wunused-variable]
  int counterstop_addr = 1093009416;
      ^~~~~~~~~~~~~~~~
../src/HG_Cal_server_v5.c:163:6: warning: unused variable 'counterreset_addr' [-Wunused-variable]
  int counterreset_addr = 1093009408;
      ^~~~~~~~~~~~~~~~~
../src/HG_Cal_server_v5.c:162:6: warning: unused variable 'pulsewidth_addr' [-Wunused-variable]
  int pulsewidth_addr = 1092943880;
      ^~~~~~~~~~~~~~~
../src/HG_Cal_server_v5.c:161:6: warning: unused variable 'deadtime_addr' [-Wunused-variable]
  int deadtime_addr = 1092943872;
      ^~~~~~~~~~~~~
../src/HG_Cal_server_v5.c:160:6: warning: unused variable 'truthaddr_3_4' [-Wunused-variable]
  int truthaddr_3_4 = 1092878344;
      ^~~~~~~~~~~~~
../src/HG_Cal_server_v5.c:159:6: warning: unused variable 'truthaddr_1_2' [-Wunused-variable]
  int truthaddr_1_2 = 1092878336;
      ^~~~~~~~~~~~~
../src/HG_Cal_server_v5.c:156:6: warning: unused variable 'inputselection' [-Wunused-variable]
  int inputselection = 4*pow(2,8) + 6*pow(2,4) + 5*pow(2,0);
      ^~~~~~~~~~~~~~
../src/HG_Cal_server_v5.c:114:7: warning: unused variable 'gpio_addr' [-Wunused-variable]
   int gpio_addr;
       ^~~~~~~~~
make: *** [src/subdir.mk:20: src/HG_Cal_server_v5.o] Error 1
09:07:25 **** Auto Build of configuration Debug for project HG_Cal_server_v5 ****
make all 
'Building file: ../src/HG_Cal_server_v5.c'
'Invoking: ARM v7 Linux gcc compiler'
arm-linux-gnueabihf-gcc -Wall -O0 -g3 -c -fmessage-length=0 -MT"src/HG_Cal_server_v5.o" -MMD -MP -MF"src/HG_Cal_server_v5.d" -MT"src/HG_Cal_server_v5.o" -o "src/HG_Cal_server_v5.o" "../src/HG_Cal_server_v5.c"
../src/HG_Cal_server_v5.c: In function 'handle_counter':
../src/HG_Cal_server_v5.c:94:6: warning: unused variable 'n' [-Wunused-variable]
  int n;
      ^
../src/HG_Cal_server_v5.c:93:7: warning: unused variable 'buffer' [-Wunused-variable]
  char buffer[256];
       ^~~~~~
../src/HG_Cal_server_v5.c: In function 'main':
../src/HG_Cal_server_v5.c:175:61: warning: pointer targets in passing argument 3 of 'accept' differ in signedness [-Wpointer-sign]
   newsockfd = accept(sockfd, (struct sockaddr *) &cli_addr, &clilen);
                                                             ^~~~~~~
In file included from ../src/HG_Cal_server_v5.c:3:
c:\xilinx\sdk\2019.1\gnu\aarch32\nt\gcc-arm-linux-gnueabi\arm-linux-gnueabihf\libc\usr\include\sys\socket.h:232:12: note: expected 'socklen_t * restrict' {aka 'unsigned int * restrict'} but argument is of type 'int *'
 extern int accept (int __fd, __SOCKADDR_ARG __addr,
            ^~~~~~
../src/HG_Cal_server_v5.c:193:4: error: too few arguments to function 'handle_counter'
    handle_counter(testcounter_addr); // , fd);
    ^~~~~~~~~~~~~~
../src/HG_Cal_server_v5.c:85:6: note: declared here
 void handle_counter(unsigned address, int fd) {
      ^~~~~~~~~~~~~~
../src/HG_Cal_server_v5.c:168:6: warning: unused variable 'forked' [-Wunused-variable]
  int forked = 0;
      ^~~~~~
../src/HG_Cal_server_v5.c:165:6: warning: unused variable 'selection_addr' [-Wunused-variable]
  int selection_addr = 1093074944;
      ^~~~~~~~~~~~~~
../src/HG_Cal_server_v5.c:164:6: warning: unused variable 'counterstop_addr' [-Wunused-variable]
  int counterstop_addr = 1093009416;
      ^~~~~~~~~~~~~~~~
../src/HG_Cal_server_v5.c:163:6: warning: unused variable 'counterreset_addr' [-Wunused-variable]
  int counterreset_addr = 1093009408;
      ^~~~~~~~~~~~~~~~~
../src/HG_Cal_server_v5.c:162:6: warning: unused variable 'pulsewidth_addr' [-Wunused-variable]
  int pulsewidth_addr = 1092943880;
      ^~~~~~~~~~~~~~~
../src/HG_Cal_server_v5.c:161:6: warning: unused variable 'deadtime_addr' [-Wunused-variable]
  int deadtime_addr = 1092943872;
      ^~~~~~~~~~~~~
../src/HG_Cal_server_v5.c:160:6: warning: unused variable 'truthaddr_3_4' [-Wunused-variable]
  int truthaddr_3_4 = 1092878344;
      ^~~~~~~~~~~~~
../src/HG_Cal_server_v5.c:159:6: warning: unused variable 'truthaddr_1_2' [-Wunused-variable]
  int truthaddr_1_2 = 1092878336;
      ^~~~~~~~~~~~~
../src/HG_Cal_server_v5.c:156:6: warning: unused variable 'inputselection' [-Wunused-variable]
  int inputselection = 4*pow(2,8) + 6*pow(2,4) + 5*pow(2,0);
      ^~~~~~~~~~~~~~
../src/HG_Cal_server_v5.c:114:7: warning: unused variable 'gpio_addr' [-Wunused-variable]
   int gpio_addr;
       ^~~~~~~~~
make: *** [src/subdir.mk:20: src/HG_Cal_server_v5.o] Error 1
09:07:41 **** Auto Build of configuration Debug for project HG_Cal_server_v5 ****
make all 
'Building file: ../src/HG_Cal_server_v5.c'
'Invoking: ARM v7 Linux gcc compiler'
arm-linux-gnueabihf-gcc -Wall -O0 -g3 -c -fmessage-length=0 -MT"src/HG_Cal_server_v5.o" -MMD -MP -MF"src/HG_Cal_server_v5.d" -MT"src/HG_Cal_server_v5.o" -o "src/HG_Cal_server_v5.o" "../src/HG_Cal_server_v5.c"
../src/HG_Cal_server_v5.c: In function 'handle_counter':
../src/HG_Cal_server_v5.c:94:6: warning: unused variable 'n' [-Wunused-variable]
  int n;
      ^
../src/HG_Cal_server_v5.c:93:7: warning: unused variable 'buffer' [-Wunused-variable]
  char buffer[256];
       ^~~~~~
../src/HG_Cal_server_v5.c: In function 'main':
../src/HG_Cal_server_v5.c:175:61: warning: pointer targets in passing argument 3 of 'accept' differ in signedness [-Wpointer-sign]
   newsockfd = accept(sockfd, (struct sockaddr *) &cli_addr, &clilen);
                                                             ^~~~~~~
In file included from ../src/HG_Cal_server_v5.c:3:
c:\xilinx\sdk\2019.1\gnu\aarch32\nt\gcc-arm-linux-gnueabi\arm-linux-gnueabihf\libc\usr\include\sys\socket.h:232:12: note: expected 'socklen_t * restrict' {aka 'unsigned int * restrict'} but argument is of type 'int *'
 extern int accept (int __fd, __SOCKADDR_ARG __addr,
            ^~~~~~
../src/HG_Cal_server_v5.c:168:6: warning: unused variable 'forked' [-Wunused-variable]
  int forked = 0;
      ^~~~~~
../src/HG_Cal_server_v5.c:165:6: warning: unused variable 'selection_addr' [-Wunused-variable]
  int selection_addr = 1093074944;
      ^~~~~~~~~~~~~~
../src/HG_Cal_server_v5.c:164:6: warning: unused variable 'counterstop_addr' [-Wunused-variable]
  int counterstop_addr = 1093009416;
      ^~~~~~~~~~~~~~~~
../src/HG_Cal_server_v5.c:163:6: warning: unused variable 'counterreset_addr' [-Wunused-variable]
  int counterreset_addr = 1093009408;
      ^~~~~~~~~~~~~~~~~
../src/HG_Cal_server_v5.c:162:6: warning: unused variable 'pulsewidth_addr' [-Wunused-variable]
  int pulsewidth_addr = 1092943880;
      ^~~~~~~~~~~~~~~
../src/HG_Cal_server_v5.c:161:6: warning: unused variable 'deadtime_addr' [-Wunused-variable]
  int deadtime_addr = 1092943872;
      ^~~~~~~~~~~~~
../src/HG_Cal_server_v5.c:160:6: warning: unused variable 'truthaddr_3_4' [-Wunused-variable]
  int truthaddr_3_4 = 1092878344;
      ^~~~~~~~~~~~~
../src/HG_Cal_server_v5.c:159:6: warning: unused variable 'truthaddr_1_2' [-Wunused-variable]
  int truthaddr_1_2 = 1092878336;
      ^~~~~~~~~~~~~
../src/HG_Cal_server_v5.c:156:6: warning: unused variable 'inputselection' [-Wunused-variable]
  int inputselection = 4*pow(2,8) + 6*pow(2,4) + 5*pow(2,0);
      ^~~~~~~~~~~~~~
../src/HG_Cal_server_v5.c:114:7: warning: unused variable 'gpio_addr' [-Wunused-variable]
   int gpio_addr;
       ^~~~~~~~~
'Finished building: ../src/HG_Cal_server_v5.c'
' '
'Building target: HG_Cal_server_v5.elf'
'Invoking: ARM v7 Linux gcc linker'
arm-linux-gnueabihf-gcc  -o "HG_Cal_server_v5.elf"  ./src/HG_Cal_server_v5.o   
'Finished building target: HG_Cal_server_v5.elf'
' '
'Invoking: ARM v7 Linux Print Size'
arm-linux-gnueabihf-size HG_Cal_server_v5.elf  |tee "HG_Cal_server_v5.elf.size"
   text	   data	    bss	    dec	    hex	filename
   4133	    372	      8	   4513	   11a1	HG_Cal_server_v5.elf
'Finished building: HG_Cal_server_v5.elf.size'
' '
09:08:05 **** Auto Build of configuration Debug for project HG_Cal_server_v5 ****
make all 
'Building file: ../src/HG_Cal_server_v5.c'
'Invoking: ARM v7 Linux gcc compiler'
arm-linux-gnueabihf-gcc -Wall -O0 -g3 -c -fmessage-length=0 -MT"src/HG_Cal_server_v5.o" -MMD -MP -MF"src/HG_Cal_server_v5.d" -MT"src/HG_Cal_server_v5.o" -o "src/HG_Cal_server_v5.o" "../src/HG_Cal_server_v5.c"
../src/HG_Cal_server_v5.c: In function 'handle_counter':
../src/HG_Cal_server_v5.c:94:6: warning: unused variable 'n' [-Wunused-variable]
  int n;
      ^
../src/HG_Cal_server_v5.c:93:7: warning: unused variable 'buffer' [-Wunused-variable]
  char buffer[256];
       ^~~~~~
../src/HG_Cal_server_v5.c: In function 'main':
../src/HG_Cal_server_v5.c:175:61: warning: pointer targets in passing argument 3 of 'accept' differ in signedness [-Wpointer-sign]
   newsockfd = accept(sockfd, (struct sockaddr *) &cli_addr, &clilen);
                                                             ^~~~~~~
In file included from ../src/HG_Cal_server_v5.c:3:
c:\xilinx\sdk\2019.1\gnu\aarch32\nt\gcc-arm-linux-gnueabi\arm-linux-gnueabihf\libc\usr\include\sys\socket.h:232:12: note: expected 'socklen_t * restrict' {aka 'unsigned int * restrict'} but argument is of type 'int *'
 extern int accept (int __fd, __SOCKADDR_ARG __addr,
            ^~~~~~
../src/HG_Cal_server_v5.c:168:6: warning: unused variable 'forked' [-Wunused-variable]
  int forked = 0;
      ^~~~~~
'Finished building: ../src/HG_Cal_server_v5.c'
' '
'Building target: HG_Cal_server_v5.elf'
'Invoking: ARM v7 Linux gcc linker'
arm-linux-gnueabihf-gcc  -o "HG_Cal_server_v5.elf"  ./src/HG_Cal_server_v5.o   
'Finished building target: HG_Cal_server_v5.elf'
' '
'Invoking: ARM v7 Linux Print Size'
arm-linux-gnueabihf-size HG_Cal_server_v5.elf  |tee "HG_Cal_server_v5.elf.size"
   text	   data	    bss	    dec	    hex	filename
   4545	    372	      8	   4925	   133d	HG_Cal_server_v5.elf
'Finished building: HG_Cal_server_v5.elf.size'
' '
09:08:08 **** Auto Build of configuration Debug for project HG_Cal_server_v5 ****
make all 
'Building file: ../src/HG_Cal_server_v5.c'
'Invoking: ARM v7 Linux gcc compiler'
arm-linux-gnueabihf-gcc -Wall -O0 -g3 -c -fmessage-length=0 -MT"src/HG_Cal_server_v5.o" -MMD -MP -MF"src/HG_Cal_server_v5.d" -MT"src/HG_Cal_server_v5.o" -o "src/HG_Cal_server_v5.o" "../src/HG_Cal_server_v5.c"
../src/HG_Cal_server_v5.c: In function 'handle_counter':
../src/HG_Cal_server_v5.c:94:6: warning: unused variable 'n' [-Wunused-variable]
  int n;
      ^
../src/HG_Cal_server_v5.c:93:7: warning: unused variable 'buffer' [-Wunused-variable]
  char buffer[256];
       ^~~~~~
../src/HG_Cal_server_v5.c: In function 'main':
../src/HG_Cal_server_v5.c:175:61: warning: pointer targets in passing argument 3 of 'accept' differ in signedness [-Wpointer-sign]
   newsockfd = accept(sockfd, (struct sockaddr *) &cli_addr, &clilen);
                                                             ^~~~~~~
In file included from ../src/HG_Cal_server_v5.c:3:
c:\xilinx\sdk\2019.1\gnu\aarch32\nt\gcc-arm-linux-gnueabi\arm-linux-gnueabihf\libc\usr\include\sys\socket.h:232:12: note: expected 'socklen_t * restrict' {aka 'unsigned int * restrict'} but argument is of type 'int *'
 extern int accept (int __fd, __SOCKADDR_ARG __addr,
            ^~~~~~
../src/HG_Cal_server_v5.c:168:6: warning: unused variable 'forked' [-Wunused-variable]
  int forked = 0;
      ^~~~~~
'Finished building: ../src/HG_Cal_server_v5.c'
' '
'Building target: HG_Cal_server_v5.elf'
'Invoking: ARM v7 Linux gcc linker'
arm-linux-gnueabihf-gcc  -o "HG_Cal_server_v5.elf"  ./src/HG_Cal_server_v5.o   
'Finished building target: HG_Cal_server_v5.elf'
' '
'Invoking: ARM v7 Linux Print Size'
arm-linux-gnueabihf-size HG_Cal_server_v5.elf  |tee "HG_Cal_server_v5.elf.size"
   text	   data	    bss	    dec	    hex	filename
   4569	    372	      8	   4949	   1355	HG_Cal_server_v5.elf
'Finished building: HG_Cal_server_v5.elf.size'
' '
09:16:09 **** Incremental Build of configuration Debug for project HG_Cal_server_v5 ****
make all 
make: Nothing to be done for 'all'.
09:20:42 **** Incremental Build of configuration Debug for project HG_Cal_server_v5 ****
make all 
make: Nothing to be done for 'all'.
09:27:38 **** Incremental Build of configuration Debug for project HG_Cal_server_v5 ****
make all 
make: Nothing to be done for 'all'.
09:36:05 **** Auto Build of configuration Debug for project HG_Cal_server_v5 ****
make all 
'Building file: ../src/HG_Cal_server_v5.c'
'Invoking: ARM v7 Linux gcc compiler'
arm-linux-gnueabihf-gcc -Wall -O0 -g3 -c -fmessage-length=0 -MT"src/HG_Cal_server_v5.o" -MMD -MP -MF"src/HG_Cal_server_v5.d" -MT"src/HG_Cal_server_v5.o" -o "src/HG_Cal_server_v5.o" "../src/HG_Cal_server_v5.c"
../src/HG_Cal_server_v5.c: In function 'handle_counter':
../src/HG_Cal_server_v5.c:94:6: warning: unused variable 'n' [-Wunused-variable]
  int n;
      ^
../src/HG_Cal_server_v5.c:93:7: warning: unused variable 'buffer' [-Wunused-variable]
  char buffer[256];
       ^~~~~~
../src/HG_Cal_server_v5.c: In function 'main':
../src/HG_Cal_server_v5.c:175:61: warning: pointer targets in passing argument 3 of 'accept' differ in signedness [-Wpointer-sign]
   newsockfd = accept(sockfd, (struct sockaddr *) &cli_addr, &clilen);
                                                             ^~~~~~~
In file included from ../src/HG_Cal_server_v5.c:3:
c:\xilinx\sdk\2019.1\gnu\aarch32\nt\gcc-arm-linux-gnueabi\arm-linux-gnueabihf\libc\usr\include\sys\socket.h:232:12: note: expected 'socklen_t * restrict' {aka 'unsigned int * restrict'} but argument is of type 'int *'
 extern int accept (int __fd, __SOCKADDR_ARG __addr,
            ^~~~~~
../src/HG_Cal_server_v5.c:168:6: warning: unused variable 'forked' [-Wunused-variable]
  int forked = 0;
      ^~~~~~
../src/HG_Cal_server_v5.c:166:6: warning: unused variable 'testcounter_addr' [-Wunused-variable]
  int testcounter_addr = 1093140480;
      ^~~~~~~~~~~~~~~~
'Finished building: ../src/HG_Cal_server_v5.c'
' '
'Building target: HG_Cal_server_v5.elf'
'Invoking: ARM v7 Linux gcc linker'
arm-linux-gnueabihf-gcc  -o "HG_Cal_server_v5.elf"  ./src/HG_Cal_server_v5.o   
'Finished building target: HG_Cal_server_v5.elf'
' '
'Invoking: ARM v7 Linux Print Size'
arm-linux-gnueabihf-size HG_Cal_server_v5.elf  |tee "HG_Cal_server_v5.elf.size"
   text	   data	    bss	    dec	    hex	filename
   4553	    372	      8	   4933	   1345	HG_Cal_server_v5.elf
'Finished building: HG_Cal_server_v5.elf.size'
' '
09:36:12 **** Incremental Build of configuration Debug for project HG_Cal_server_v5 ****
make all 
make: Nothing to be done for 'all'.
09:36:19 **** Incremental Build of configuration Debug for project HG_Cal_server_v5 ****
make all 
make: Nothing to be done for 'all'.
09:37:34 **** Auto Build of configuration Debug for project HG_Cal_server_v5 ****
make all 
'Building file: ../src/HG_Cal_server_v5.c'
'Invoking: ARM v7 Linux gcc compiler'
arm-linux-gnueabihf-gcc -Wall -O0 -g3 -c -fmessage-length=0 -MT"src/HG_Cal_server_v5.o" -MMD -MP -MF"src/HG_Cal_server_v5.d" -MT"src/HG_Cal_server_v5.o" -o "src/HG_Cal_server_v5.o" "../src/HG_Cal_server_v5.c"
../src/HG_Cal_server_v5.c: In function 'handle_counter':
../src/HG_Cal_server_v5.c:94:6: warning: unused variable 'n' [-Wunused-variable]
  int n;
      ^
../src/HG_Cal_server_v5.c:93:7: warning: unused variable 'buffer' [-Wunused-variable]
  char buffer[256];
       ^~~~~~
../src/HG_Cal_server_v5.c: In function 'main':
../src/HG_Cal_server_v5.c:175:61: warning: pointer targets in passing argument 3 of 'accept' differ in signedness [-Wpointer-sign]
   newsockfd = accept(sockfd, (struct sockaddr *) &cli_addr, &clilen);
                                                             ^~~~~~~
In file included from ../src/HG_Cal_server_v5.c:3:
c:\xilinx\sdk\2019.1\gnu\aarch32\nt\gcc-arm-linux-gnueabi\arm-linux-gnueabihf\libc\usr\include\sys\socket.h:232:12: note: expected 'socklen_t * restrict' {aka 'unsigned int * restrict'} but argument is of type 'int *'
 extern int accept (int __fd, __SOCKADDR_ARG __addr,
            ^~~~~~
../src/HG_Cal_server_v5.c:168:6: warning: unused variable 'forked' [-Wunused-variable]
  int forked = 0;
      ^~~~~~
'Finished building: ../src/HG_Cal_server_v5.c'
' '
'Building target: HG_Cal_server_v5.elf'
'Invoking: ARM v7 Linux gcc linker'
arm-linux-gnueabihf-gcc  -o "HG_Cal_server_v5.elf"  ./src/HG_Cal_server_v5.o   
'Finished building target: HG_Cal_server_v5.elf'
' '
'Invoking: ARM v7 Linux Print Size'
arm-linux-gnueabihf-size HG_Cal_server_v5.elf  |tee "HG_Cal_server_v5.elf.size"
   text	   data	    bss	    dec	    hex	filename
   4569	    372	      8	   4949	   1355	HG_Cal_server_v5.elf
'Finished building: HG_Cal_server_v5.elf.size'
' '
09:37:38 **** Incremental Build of configuration Debug for project HG_Cal_server_v5 ****
make all 
make: Nothing to be done for 'all'.
09:39:03 **** Incremental Build of configuration Debug for project HG_Cal_server_v5 ****
make all 
make: Nothing to be done for 'all'.
09:41:29 **** Auto Build of configuration Debug for project HG_Cal_server_v5 ****
make all 
'Building file: ../src/HG_Cal_server_v5.c'
'Invoking: ARM v7 Linux gcc compiler'
arm-linux-gnueabihf-gcc -Wall -O0 -g3 -c -fmessage-length=0 -MT"src/HG_Cal_server_v5.o" -MMD -MP -MF"src/HG_Cal_server_v5.d" -MT"src/HG_Cal_server_v5.o" -o "src/HG_Cal_server_v5.o" "../src/HG_Cal_server_v5.c"
../src/HG_Cal_server_v5.c: In function 'handle_counter':
../src/HG_Cal_server_v5.c:95:6: warning: unused variable 'n' [-Wunused-variable]
  int n;
      ^
../src/HG_Cal_server_v5.c:94:7: warning: unused variable 'buffer' [-Wunused-variable]
  char buffer[256];
       ^~~~~~
../src/HG_Cal_server_v5.c: In function 'main':
../src/HG_Cal_server_v5.c:176:61: warning: pointer targets in passing argument 3 of 'accept' differ in signedness [-Wpointer-sign]
   newsockfd = accept(sockfd, (struct sockaddr *) &cli_addr, &clilen);
                                                             ^~~~~~~
In file included from ../src/HG_Cal_server_v5.c:3:
c:\xilinx\sdk\2019.1\gnu\aarch32\nt\gcc-arm-linux-gnueabi\arm-linux-gnueabihf\libc\usr\include\sys\socket.h:232:12: note: expected 'socklen_t * restrict' {aka 'unsigned int * restrict'} but argument is of type 'int *'
 extern int accept (int __fd, __SOCKADDR_ARG __addr,
            ^~~~~~
../src/HG_Cal_server_v5.c:169:6: warning: unused variable 'forked' [-Wunused-variable]
  int forked = 0;
      ^~~~~~
'Finished building: ../src/HG_Cal_server_v5.c'
' '
'Building target: HG_Cal_server_v5.elf'
'Invoking: ARM v7 Linux gcc linker'
arm-linux-gnueabihf-gcc  -o "HG_Cal_server_v5.elf"  ./src/HG_Cal_server_v5.o   
'Finished building target: HG_Cal_server_v5.elf'
' '
'Invoking: ARM v7 Linux Print Size'
arm-linux-gnueabihf-size HG_Cal_server_v5.elf  |tee "HG_Cal_server_v5.elf.size"
   text	   data	    bss	    dec	    hex	filename
   4569	    372	      8	   4949	   1355	HG_Cal_server_v5.elf
'Finished building: HG_Cal_server_v5.elf.size'
' '
09:41:36 **** Incremental Build of configuration Debug for project HG_Cal_server_v5 ****
make all 
make: Nothing to be done for 'all'.
09:41:58 **** Auto Build of configuration Debug for project HG_Cal_server_v5 ****
make all 
'Building file: ../src/HG_Cal_server_v5.c'
'Invoking: ARM v7 Linux gcc compiler'
arm-linux-gnueabihf-gcc -Wall -O0 -g3 -c -fmessage-length=0 -MT"src/HG_Cal_server_v5.o" -MMD -MP -MF"src/HG_Cal_server_v5.d" -MT"src/HG_Cal_server_v5.o" -o "src/HG_Cal_server_v5.o" "../src/HG_Cal_server_v5.c"
../src/HG_Cal_server_v5.c: In function 'handle_counter':
../src/HG_Cal_server_v5.c:95:6: warning: unused variable 'n' [-Wunused-variable]
  int n;
      ^
../src/HG_Cal_server_v5.c:94:7: warning: unused variable 'buffer' [-Wunused-variable]
  char buffer[256];
       ^~~~~~
../src/HG_Cal_server_v5.c: In function 'main':
../src/HG_Cal_server_v5.c:176:61: warning: pointer targets in passing argument 3 of 'accept' differ in signedness [-Wpointer-sign]
   newsockfd = accept(sockfd, (struct sockaddr *) &cli_addr, &clilen);
                                                             ^~~~~~~
In file included from ../src/HG_Cal_server_v5.c:3:
c:\xilinx\sdk\2019.1\gnu\aarch32\nt\gcc-arm-linux-gnueabi\arm-linux-gnueabihf\libc\usr\include\sys\socket.h:232:12: note: expected 'socklen_t * restrict' {aka 'unsigned int * restrict'} but argument is of type 'int *'
 extern int accept (int __fd, __SOCKADDR_ARG __addr,
            ^~~~~~
../src/HG_Cal_server_v5.c:169:6: warning: unused variable 'forked' [-Wunused-variable]
  int forked = 0;
      ^~~~~~
'Finished building: ../src/HG_Cal_server_v5.c'
' '
'Building target: HG_Cal_server_v5.elf'
'Invoking: ARM v7 Linux gcc linker'
arm-linux-gnueabihf-gcc  -o "HG_Cal_server_v5.elf"  ./src/HG_Cal_server_v5.o   
'Finished building target: HG_Cal_server_v5.elf'
' '
'Invoking: ARM v7 Linux Print Size'
arm-linux-gnueabihf-size HG_Cal_server_v5.elf  |tee "HG_Cal_server_v5.elf.size"
   text	   data	    bss	    dec	    hex	filename
   4561	    372	      8	   4941	   134d	HG_Cal_server_v5.elf
'Finished building: HG_Cal_server_v5.elf.size'
' '
09:44:39 **** Auto Build of configuration Debug for project HG_Cal_server_v5 ****
make all 
'Building file: ../src/HG_Cal_server_v5.c'
'Invoking: ARM v7 Linux gcc compiler'
arm-linux-gnueabihf-gcc -Wall -O0 -g3 -c -fmessage-length=0 -MT"src/HG_Cal_server_v5.o" -MMD -MP -MF"src/HG_Cal_server_v5.d" -MT"src/HG_Cal_server_v5.o" -o "src/HG_Cal_server_v5.o" "../src/HG_Cal_server_v5.c"
../src/HG_Cal_server_v5.c: In function 'handle_counter':
../src/HG_Cal_server_v5.c:95:6: warning: unused variable 'n' [-Wunused-variable]
  int n;
      ^
../src/HG_Cal_server_v5.c:94:7: warning: unused variable 'buffer' [-Wunused-variable]
  char buffer[256];
       ^~~~~~
../src/HG_Cal_server_v5.c: In function 'main':
../src/HG_Cal_server_v5.c:176:61: warning: pointer targets in passing argument 3 of 'accept' differ in signedness [-Wpointer-sign]
   newsockfd = accept(sockfd, (struct sockaddr *) &cli_addr, &clilen);
                                                             ^~~~~~~
In file included from ../src/HG_Cal_server_v5.c:3:
c:\xilinx\sdk\2019.1\gnu\aarch32\nt\gcc-arm-linux-gnueabi\arm-linux-gnueabihf\libc\usr\include\sys\socket.h:232:12: note: expected 'socklen_t * restrict' {aka 'unsigned int * restrict'} but argument is of type 'int *'
 extern int accept (int __fd, __SOCKADDR_ARG __addr,
            ^~~~~~
../src/HG_Cal_server_v5.c:169:6: warning: unused variable 'forked' [-Wunused-variable]
  int forked = 0;
      ^~~~~~
'Finished building: ../src/HG_Cal_server_v5.c'
' '
'Building target: HG_Cal_server_v5.elf'
'Invoking: ARM v7 Linux gcc linker'
arm-linux-gnueabihf-gcc  -o "HG_Cal_server_v5.elf"  ./src/HG_Cal_server_v5.o   
'Finished building target: HG_Cal_server_v5.elf'
' '
'Invoking: ARM v7 Linux Print Size'
arm-linux-gnueabihf-size HG_Cal_server_v5.elf  |tee "HG_Cal_server_v5.elf.size"
   text	   data	    bss	    dec	    hex	filename
   4573	    372	      8	   4953	   1359	HG_Cal_server_v5.elf
'Finished building: HG_Cal_server_v5.elf.size'
' '
09:44:43 **** Incremental Build of configuration Debug for project HG_Cal_server_v5 ****
make all 
make: Nothing to be done for 'all'.
10:23:15 **** Auto Build of configuration Debug for project HG_Cal_server_v5 ****
make all 
'Building file: ../src/HG_Cal_server_v5.c'
'Invoking: ARM v7 Linux gcc compiler'
arm-linux-gnueabihf-gcc -Wall -O0 -g3 -c -fmessage-length=0 -MT"src/HG_Cal_server_v5.o" -MMD -MP -MF"src/HG_Cal_server_v5.d" -MT"src/HG_Cal_server_v5.o" -o "src/HG_Cal_server_v5.o" "../src/HG_Cal_server_v5.c"
../src/HG_Cal_server_v5.c: In function 'handle_counter':
../src/HG_Cal_server_v5.c:102:3: error: too few arguments to function 'printf'
   printf();
   ^~~~~~
In file included from ../src/HG_Cal_server_v5.c:1:
c:\xilinx\sdk\2019.1\gnu\aarch32\nt\gcc-arm-linux-gnueabi\arm-linux-gnueabihf\libc\usr\include\stdio.h:332:12: note: declared here
 extern int printf (const char *__restrict __format, ...);
            ^~~~~~
../src/HG_Cal_server_v5.c:95:6: warning: unused variable 'n' [-Wunused-variable]
  int n;
      ^
../src/HG_Cal_server_v5.c:94:7: warning: unused variable 'buffer' [-Wunused-variable]
  char buffer[256];
       ^~~~~~
../src/HG_Cal_server_v5.c: In function 'main':
../src/HG_Cal_server_v5.c:177:61: warning: pointer targets in passing argument 3 of 'accept' differ in signedness [-Wpointer-sign]
   newsockfd = accept(sockfd, (struct sockaddr *) &cli_addr, &clilen);
                                                             ^~~~~~~
In file included from ../src/HG_Cal_server_v5.c:3:
c:\xilinx\sdk\2019.1\gnu\aarch32\nt\gcc-arm-linux-gnueabi\arm-linux-gnueabihf\libc\usr\include\sys\socket.h:232:12: note: expected 'socklen_t * restrict' {aka 'unsigned int * restrict'} but argument is of type 'int *'
 extern int accept (int __fd, __SOCKADDR_ARG __addr,
            ^~~~~~
../src/HG_Cal_server_v5.c:170:6: warning: unused variable 'forked' [-Wunused-variable]
  int forked = 0;
      ^~~~~~
make: *** [src/subdir.mk:20: src/HG_Cal_server_v5.o] Error 1
10:23:35 **** Auto Build of configuration Debug for project HG_Cal_server_v5 ****
make all 
'Building file: ../src/HG_Cal_server_v5.c'
'Invoking: ARM v7 Linux gcc compiler'
arm-linux-gnueabihf-gcc -Wall -O0 -g3 -c -fmessage-length=0 -MT"src/HG_Cal_server_v5.o" -MMD -MP -MF"src/HG_Cal_server_v5.d" -MT"src/HG_Cal_server_v5.o" -o "src/HG_Cal_server_v5.o" "../src/HG_Cal_server_v5.c"
../src/HG_Cal_server_v5.c: In function 'handle_counter':
../src/HG_Cal_server_v5.c:95:6: warning: unused variable 'n' [-Wunused-variable]
  int n;
      ^
../src/HG_Cal_server_v5.c:94:7: warning: unused variable 'buffer' [-Wunused-variable]
  char buffer[256];
       ^~~~~~
../src/HG_Cal_server_v5.c: In function 'main':
../src/HG_Cal_server_v5.c:177:61: warning: pointer targets in passing argument 3 of 'accept' differ in signedness [-Wpointer-sign]
   newsockfd = accept(sockfd, (struct sockaddr *) &cli_addr, &clilen);
                                                             ^~~~~~~
In file included from ../src/HG_Cal_server_v5.c:3:
c:\xilinx\sdk\2019.1\gnu\aarch32\nt\gcc-arm-linux-gnueabi\arm-linux-gnueabihf\libc\usr\include\sys\socket.h:232:12: note: expected 'socklen_t * restrict' {aka 'unsigned int * restrict'} but argument is of type 'int *'
 extern int accept (int __fd, __SOCKADDR_ARG __addr,
            ^~~~~~
../src/HG_Cal_server_v5.c:170:6: warning: unused variable 'forked' [-Wunused-variable]
  int forked = 0;
      ^~~~~~
'Finished building: ../src/HG_Cal_server_v5.c'
' '
'Building target: HG_Cal_server_v5.elf'
'Invoking: ARM v7 Linux gcc linker'
arm-linux-gnueabihf-gcc  -o "HG_Cal_server_v5.elf"  ./src/HG_Cal_server_v5.o   
'Finished building target: HG_Cal_server_v5.elf'
' '
'Invoking: ARM v7 Linux Print Size'
arm-linux-gnueabihf-size HG_Cal_server_v5.elf  |tee "HG_Cal_server_v5.elf.size"
   text	   data	    bss	    dec	    hex	filename
   4605	    372	      8	   4985	   1379	HG_Cal_server_v5.elf
'Finished building: HG_Cal_server_v5.elf.size'
' '
10:23:43 **** Incremental Build of configuration Debug for project HG_Cal_server_v5 ****
make all 
make: Nothing to be done for 'all'.
13:10:06 **** Incremental Build of configuration Debug for project HG_Cal_server_v5 ****
make all 
make: Nothing to be done for 'all'.
13:10:09 **** Incremental Build of configuration Debug for project HG_Cal_server_v5 ****
make all 
make: Nothing to be done for 'all'.
13:10:32 **** Incremental Build of configuration Debug for project HG_Cal_server_v5 ****
make all 
make: Nothing to be done for 'all'.
13:11:49 **** Incremental Build of configuration Debug for project HG_Cal_server_v5 ****
make all 
make: Nothing to be done for 'all'.
15:21:39 **** Build of configuration Debug for project HG_Cal_server_v5 ****
make all 
make: Nothing to be done for 'all'.
15:21:41 **** Build of configuration Debug for project HG_Cal_server ****
make all 
make: Nothing to be done for 'all'.
15:21:42 **** Build of configuration Debug for project HG_Cal_server_v4 ****
make all 
make: Nothing to be done for 'all'.
15:49:14 **** Auto Build of configuration Debug for project HG_Cal_server_v5 ****
make all 
'Building file: ../src/HG_Cal_server_v5.c'
'Invoking: ARM v7 Linux gcc compiler'
arm-linux-gnueabihf-gcc -Wall -O0 -g3 -c -fmessage-length=0 -MT"src/HG_Cal_server_v5.o" -MMD -MP -MF"src/HG_Cal_server_v5.d" -MT"src/HG_Cal_server_v5.o" -o "src/HG_Cal_server_v5.o" "../src/HG_Cal_server_v5.c"
../src/HG_Cal_server_v5.c: In function 'handle_counter':
../src/HG_Cal_server_v5.c:95:6: warning: unused variable 'n' [-Wunused-variable]
  int n;
      ^
../src/HG_Cal_server_v5.c:94:7: warning: unused variable 'buffer' [-Wunused-variable]
  char buffer[256];
       ^~~~~~
../src/HG_Cal_server_v5.c: In function 'main':
../src/HG_Cal_server_v5.c:177:61: warning: pointer targets in passing argument 3 of 'accept' differ in signedness [-Wpointer-sign]
   newsockfd = accept(sockfd, (struct sockaddr *) &cli_addr, &clilen);
                                                             ^~~~~~~
In file included from ../src/HG_Cal_server_v5.c:3:
c:\xilinx\sdk\2019.1\gnu\aarch32\nt\gcc-arm-linux-gnueabi\arm-linux-gnueabihf\libc\usr\include\sys\socket.h:232:12: note: expected 'socklen_t * restrict' {aka 'unsigned int * restrict'} but argument is of type 'int *'
 extern int accept (int __fd, __SOCKADDR_ARG __addr,
            ^~~~~~
../src/HG_Cal_server_v5.c:170:6: warning: unused variable 'forked' [-Wunused-variable]
  int forked = 0;
      ^~~~~~
'Finished building: ../src/HG_Cal_server_v5.c'
' '
'Building target: HG_Cal_server_v5.elf'
'Invoking: ARM v7 Linux gcc linker'
arm-linux-gnueabihf-gcc  -o "HG_Cal_server_v5.elf"  ./src/HG_Cal_server_v5.o   
'Finished building target: HG_Cal_server_v5.elf'
' '
'Invoking: ARM v7 Linux Print Size'
arm-linux-gnueabihf-size HG_Cal_server_v5.elf  |tee "HG_Cal_server_v5.elf.size"
   text	   data	    bss	    dec	    hex	filename
   4605	    372	      8	   4985	   1379	HG_Cal_server_v5.elf
'Finished building: HG_Cal_server_v5.elf.size'
' '
15:49:28 **** Incremental Build of configuration Debug for project HG_Cal_server_v5 ****
make all 
make: Nothing to be done for 'all'.
15:49:32 **** Incremental Build of configuration Debug for project HG_Cal_server_v5 ****
make all 
make: Nothing to be done for 'all'.
15:49:48 **** Auto Build of configuration Debug for project HG_Cal_server_v5 ****
make all 
'Building file: ../src/HG_Cal_server_v5.c'
'Invoking: ARM v7 Linux gcc compiler'
arm-linux-gnueabihf-gcc -Wall -O0 -g3 -c -fmessage-length=0 -MT"src/HG_Cal_server_v5.o" -MMD -MP -MF"src/HG_Cal_server_v5.d" -MT"src/HG_Cal_server_v5.o" -o "src/HG_Cal_server_v5.o" "../src/HG_Cal_server_v5.c"
[...]
' '
'Building target: HG_Cal_server_v6.elf'
'Invoking: ARM v7 Linux gcc linker'
arm-linux-gnueabihf-gcc  -o "HG_Cal_server_v6.elf"  ./src/HG_Cal_server_v6.o   
'Finished building target: HG_Cal_server_v6.elf'
' '
'Invoking: ARM v7 Linux Print Size'
arm-linux-gnueabihf-size HG_Cal_server_v6.elf  |tee "HG_Cal_server_v6.elf.size"
   text	   data	    bss	    dec	    hex	filename
   5433	    364	      8	   5805	   16ad	HG_Cal_server_v6.elf
'Finished building: HG_Cal_server_v6.elf.size'
' '
00:26:41 **** Auto Build of configuration Debug for project HG_Cal_server_v6 ****
make all 
'Building file: ../src/HG_Cal_server_v6.c'
'Invoking: ARM v7 Linux gcc compiler'
arm-linux-gnueabihf-gcc -Wall -O0 -g3 -c -fmessage-length=0 -MT"src/HG_Cal_server_v6.o" -MMD -MP -MF"src/HG_Cal_server_v6.d" -MT"src/HG_Cal_server_v6.o" -o "src/HG_Cal_server_v6.o" "../src/HG_Cal_server_v6.c"
../src/HG_Cal_server_v6.c: In function 'main':
../src/HG_Cal_server_v6.c:279:61: warning: pointer targets in passing argument 3 of 'accept' differ in signedness [-Wpointer-sign]
   newsockfd = accept(sockfd, (struct sockaddr *) &cli_addr, &clilen);
                                                             ^~~~~~~
In file included from ../src/HG_Cal_server_v6.c:3:
c:\xilinx\sdk\2019.1\gnu\aarch32\nt\gcc-arm-linux-gnueabi\arm-linux-gnueabihf\libc\usr\include\sys\socket.h:232:12: note: expected 'socklen_t * restrict' {aka 'unsigned int * restrict'} but argument is of type 'int *'
 extern int accept (int __fd, __SOCKADDR_ARG __addr,
            ^~~~~~
../src/HG_Cal_server_v6.c:293:28: warning: format '%s' expects argument of type 'char *', but argument 2 has type 'int' [-Wformat=]
   printf("client address: %s \n", *p->clientaddr);
                           ~^      ~~~~~~~~~~~~~~
                           %d
'Finished building: ../src/HG_Cal_server_v6.c'
' '
'Building target: HG_Cal_server_v6.elf'
'Invoking: ARM v7 Linux gcc linker'
arm-linux-gnueabihf-gcc  -o "HG_Cal_server_v6.elf"  ./src/HG_Cal_server_v6.o   
'Finished building target: HG_Cal_server_v6.elf'
' '
'Invoking: ARM v7 Linux Print Size'
arm-linux-gnueabihf-size HG_Cal_server_v6.elf  |tee "HG_Cal_server_v6.elf.size"
   text	   data	    bss	    dec	    hex	filename
   5437	    364	      8	   5809	   16b1	HG_Cal_server_v6.elf
'Finished building: HG_Cal_server_v6.elf.size'
' '
00:26:43 **** Incremental Build of configuration Debug for project HG_Cal_server_v6 ****
make all 
make: Nothing to be done for 'all'.
00:27:37 **** Auto Build of configuration Debug for project HG_Cal_server_v6 ****
make all 
'Building file: ../src/HG_Cal_server_v6.c'
'Invoking: ARM v7 Linux gcc compiler'
arm-linux-gnueabihf-gcc -Wall -O0 -g3 -c -fmessage-length=0 -MT"src/HG_Cal_server_v6.o" -MMD -MP -MF"src/HG_Cal_server_v6.d" -MT"src/HG_Cal_server_v6.o" -o "src/HG_Cal_server_v6.o" "../src/HG_Cal_server_v6.c"
../src/HG_Cal_server_v6.c: In function 'main':
../src/HG_Cal_server_v6.c:279:61: warning: pointer targets in passing argument 3 of 'accept' differ in signedness [-Wpointer-sign]
   newsockfd = accept(sockfd, (struct sockaddr *) &cli_addr, &clilen);
                                                             ^~~~~~~
In file included from ../src/HG_Cal_server_v6.c:3:
c:\xilinx\sdk\2019.1\gnu\aarch32\nt\gcc-arm-linux-gnueabi\arm-linux-gnueabihf\libc\usr\include\sys\socket.h:232:12: note: expected 'socklen_t * restrict' {aka 'unsigned int * restrict'} but argument is of type 'int *'
 extern int accept (int __fd, __SOCKADDR_ARG __addr,
            ^~~~~~
../src/HG_Cal_server_v6.c:293:49: error: expected expression before ')' token
   printf("client address: %s \n", p->clientaddr*);
                                                 ^
make: *** [src/subdir.mk:20: src/HG_Cal_server_v6.o] Error 1
00:27:40 **** Auto Build of configuration Debug for project HG_Cal_server_v6 ****
make all 
'Building file: ../src/HG_Cal_server_v6.c'
'Invoking: ARM v7 Linux gcc compiler'
arm-linux-gnueabihf-gcc -Wall -O0 -g3 -c -fmessage-length=0 -MT"src/HG_Cal_server_v6.o" -MMD -MP -MF"src/HG_Cal_server_v6.d" -MT"src/HG_Cal_server_v6.o" -o "src/HG_Cal_server_v6.o" "../src/HG_Cal_server_v6.c"
../src/HG_Cal_server_v6.c: In function 'main':
../src/HG_Cal_server_v6.c:279:61: warning: pointer targets in passing argument 3 of 'accept' differ in signedness [-Wpointer-sign]
   newsockfd = accept(sockfd, (struct sockaddr *) &cli_addr, &clilen);
                                                             ^~~~~~~
In file included from ../src/HG_Cal_server_v6.c:3:
c:\xilinx\sdk\2019.1\gnu\aarch32\nt\gcc-arm-linux-gnueabi\arm-linux-gnueabihf\libc\usr\include\sys\socket.h:232:12: note: expected 'socklen_t * restrict' {aka 'unsigned int * restrict'} but argument is of type 'int *'
 extern int accept (int __fd, __SOCKADDR_ARG __addr,
            ^~~~~~
'Finished building: ../src/HG_Cal_server_v6.c'
' '
'Building target: HG_Cal_server_v6.elf'
'Invoking: ARM v7 Linux gcc linker'
arm-linux-gnueabihf-gcc  -o "HG_Cal_server_v6.elf"  ./src/HG_Cal_server_v6.o   
'Finished building target: HG_Cal_server_v6.elf'
' '
'Invoking: ARM v7 Linux Print Size'
arm-linux-gnueabihf-size HG_Cal_server_v6.elf  |tee "HG_Cal_server_v6.elf.size"
   text	   data	    bss	    dec	    hex	filename
   5433	    364	      8	   5805	   16ad	HG_Cal_server_v6.elf
'Finished building: HG_Cal_server_v6.elf.size'
' '
00:27:42 **** Auto Build of configuration Debug for project HG_Cal_server_v6 ****
make all 
'Building file: ../src/HG_Cal_server_v6.c'
'Invoking: ARM v7 Linux gcc compiler'
arm-linux-gnueabihf-gcc -Wall -O0 -g3 -c -fmessage-length=0 -MT"src/HG_Cal_server_v6.o" -MMD -MP -MF"src/HG_Cal_server_v6.d" -MT"src/HG_Cal_server_v6.o" -o "src/HG_Cal_server_v6.o" "../src/HG_Cal_server_v6.c"
../src/HG_Cal_server_v6.c: In function 'main':
../src/HG_Cal_server_v6.c:279:61: warning: pointer targets in passing argument 3 of 'accept' differ in signedness [-Wpointer-sign]
   newsockfd = accept(sockfd, (struct sockaddr *) &cli_addr, &clilen);
                                                             ^~~~~~~
In file included from ../src/HG_Cal_server_v6.c:3:
c:\xilinx\sdk\2019.1\gnu\aarch32\nt\gcc-arm-linux-gnueabi\arm-linux-gnueabihf\libc\usr\include\sys\socket.h:232:12: note: expected 'socklen_t * restrict' {aka 'unsigned int * restrict'} but argument is of type 'int *'
 extern int accept (int __fd, __SOCKADDR_ARG __addr,
            ^~~~~~
../src/HG_Cal_server_v6.c:293:38: error: expected identifier before '*' token
   printf("client address: %s \n", p->*clientaddr);
                                      ^
make: *** [src/subdir.mk:20: src/HG_Cal_server_v6.o] Error 1
00:27:46 **** Auto Build of configuration Debug for project HG_Cal_server_v6 ****
make all 
'Building file: ../src/HG_Cal_server_v6.c'
'Invoking: ARM v7 Linux gcc compiler'
arm-linux-gnueabihf-gcc -Wall -O0 -g3 -c -fmessage-length=0 -MT"src/HG_Cal_server_v6.o" -MMD -MP -MF"src/HG_Cal_server_v6.d" -MT"src/HG_Cal_server_v6.o" -o "src/HG_Cal_server_v6.o" "../src/HG_Cal_server_v6.c"
../src/HG_Cal_server_v6.c: In function 'main':
../src/HG_Cal_server_v6.c:279:61: warning: pointer targets in passing argument 3 of 'accept' differ in signedness [-Wpointer-sign]
   newsockfd = accept(sockfd, (struct sockaddr *) &cli_addr, &clilen);
                                                             ^~~~~~~
In file included from ../src/HG_Cal_server_v6.c:3:
c:\xilinx\sdk\2019.1\gnu\aarch32\nt\gcc-arm-linux-gnueabi\arm-linux-gnueabihf\libc\usr\include\sys\socket.h:232:12: note: expected 'socklen_t * restrict' {aka 'unsigned int * restrict'} but argument is of type 'int *'
 extern int accept (int __fd, __SOCKADDR_ARG __addr,
            ^~~~~~
'Finished building: ../src/HG_Cal_server_v6.c'
' '
'Building target: HG_Cal_server_v6.elf'
'Invoking: ARM v7 Linux gcc linker'
arm-linux-gnueabihf-gcc  -o "HG_Cal_server_v6.elf"  ./src/HG_Cal_server_v6.o   
'Finished building target: HG_Cal_server_v6.elf'
' '
'Invoking: ARM v7 Linux Print Size'
arm-linux-gnueabihf-size HG_Cal_server_v6.elf  |tee "HG_Cal_server_v6.elf.size"
   text	   data	    bss	    dec	    hex	filename
   5433	    364	      8	   5805	   16ad	HG_Cal_server_v6.elf
'Finished building: HG_Cal_server_v6.elf.size'
' '
00:27:56 **** Auto Build of configuration Debug for project HG_Cal_server_v6 ****
make all 
'Building file: ../src/HG_Cal_server_v6.c'
'Invoking: ARM v7 Linux gcc compiler'
arm-linux-gnueabihf-gcc -Wall -O0 -g3 -c -fmessage-length=0 -MT"src/HG_Cal_server_v6.o" -MMD -MP -MF"src/HG_Cal_server_v6.d" -MT"src/HG_Cal_server_v6.o" -o "src/HG_Cal_server_v6.o" "../src/HG_Cal_server_v6.c"
../src/HG_Cal_server_v6.c: In function 'main':
../src/HG_Cal_server_v6.c:279:61: warning: pointer targets in passing argument 3 of 'accept' differ in signedness [-Wpointer-sign]
   newsockfd = accept(sockfd, (struct sockaddr *) &cli_addr, &clilen);
                                                             ^~~~~~~
In file included from ../src/HG_Cal_server_v6.c:3:
c:\xilinx\sdk\2019.1\gnu\aarch32\nt\gcc-arm-linux-gnueabi\arm-linux-gnueabihf\libc\usr\include\sys\socket.h:232:12: note: expected 'socklen_t * restrict' {aka 'unsigned int * restrict'} but argument is of type 'int *'
 extern int accept (int __fd, __SOCKADDR_ARG __addr,
            ^~~~~~
../src/HG_Cal_server_v6.c:293:28: warning: format '%s' expects argument of type 'char *', but argument 2 has type 'int' [-Wformat=]
   printf("client address: %s \n", p->clientaddr);
                           ~^      ~~~~~~~~~~~~~
                           %d
'Finished building: ../src/HG_Cal_server_v6.c'
' '
'Building target: HG_Cal_server_v6.elf'
'Invoking: ARM v7 Linux gcc linker'
arm-linux-gnueabihf-gcc  -o "HG_Cal_server_v6.elf"  ./src/HG_Cal_server_v6.o   
'Finished building target: HG_Cal_server_v6.elf'
' '
'Invoking: ARM v7 Linux Print Size'
arm-linux-gnueabihf-size HG_Cal_server_v6.elf  |tee "HG_Cal_server_v6.elf.size"
   text	   data	    bss	    dec	    hex	filename
   5433	    364	      8	   5805	   16ad	HG_Cal_server_v6.elf
'Finished building: HG_Cal_server_v6.elf.size'
' '
00:27:59 **** Incremental Build of configuration Debug for project HG_Cal_server_v6 ****
make all 
make: Nothing to be done for 'all'.
00:28:32 **** Auto Build of configuration Debug for project HG_Cal_server_v6 ****
make all 
'Building file: ../src/HG_Cal_server_v6.c'
'Invoking: ARM v7 Linux gcc compiler'
arm-linux-gnueabihf-gcc -Wall -O0 -g3 -c -fmessage-length=0 -MT"src/HG_Cal_server_v6.o" -MMD -MP -MF"src/HG_Cal_server_v6.d" -MT"src/HG_Cal_server_v6.o" -o "src/HG_Cal_server_v6.o" "../src/HG_Cal_server_v6.c"
../src/HG_Cal_server_v6.c: In function 'main':
../src/HG_Cal_server_v6.c:279:61: warning: pointer targets in passing argument 3 of 'accept' differ in signedness [-Wpointer-sign]
   newsockfd = accept(sockfd, (struct sockaddr *) &cli_addr, &clilen);
                                                             ^~~~~~~
In file included from ../src/HG_Cal_server_v6.c:3:
c:\xilinx\sdk\2019.1\gnu\aarch32\nt\gcc-arm-linux-gnueabi\arm-linux-gnueabihf\libc\usr\include\sys\socket.h:232:12: note: expected 'socklen_t * restrict' {aka 'unsigned int * restrict'} but argument is of type 'int *'
 extern int accept (int __fd, __SOCKADDR_ARG __addr,
            ^~~~~~
../src/HG_Cal_server_v6.c:293:28: warning: format '%s' expects argument of type 'char *', but argument 2 has type 'int' [-Wformat=]
   printf("client address: %s \n", p->clientaddr);
                           ~^      ~~~~~~~~~~~~~
                           %d
'Finished building: ../src/HG_Cal_server_v6.c'
' '
'Building target: HG_Cal_server_v6.elf'
'Invoking: ARM v7 Linux gcc linker'
arm-linux-gnueabihf-gcc  -o "HG_Cal_server_v6.elf"  ./src/HG_Cal_server_v6.o   
'Finished building target: HG_Cal_server_v6.elf'
' '
'Invoking: ARM v7 Linux Print Size'
arm-linux-gnueabihf-size HG_Cal_server_v6.elf  |tee "HG_Cal_server_v6.elf.size"
   text	   data	    bss	    dec	    hex	filename
   5409	    364	      8	   5781	   1695	HG_Cal_server_v6.elf
'Finished building: HG_Cal_server_v6.elf.size'
' '
00:30:24 **** Auto Build of configuration Debug for project HG_Cal_server_v6 ****
make all 
'Building file: ../src/HG_Cal_server_v6.c'
'Invoking: ARM v7 Linux gcc compiler'
arm-linux-gnueabihf-gcc -Wall -O0 -g3 -c -fmessage-length=0 -MT"src/HG_Cal_server_v6.o" -MMD -MP -MF"src/HG_Cal_server_v6.d" -MT"src/HG_Cal_server_v6.o" -o "src/HG_Cal_server_v6.o" "../src/HG_Cal_server_v6.c"
../src/HG_Cal_server_v6.c: In function 'main':
../src/HG_Cal_server_v6.c:279:61: warning: pointer targets in passing argument 3 of 'accept' differ in signedness [-Wpointer-sign]
   newsockfd = accept(sockfd, (struct sockaddr *) &cli_addr, &clilen);
                                                             ^~~~~~~
In file included from ../src/HG_Cal_server_v6.c:3:
c:\xilinx\sdk\2019.1\gnu\aarch32\nt\gcc-arm-linux-gnueabi\arm-linux-gnueabihf\libc\usr\include\sys\socket.h:232:12: note: expected 'socklen_t * restrict' {aka 'unsigned int * restrict'} but argument is of type 'int *'
 extern int accept (int __fd, __SOCKADDR_ARG __addr,
            ^~~~~~
../src/HG_Cal_server_v6.c:293:35: error: invalid type argument of unary '*' (have 'int')
   printf("client address: %s \n", *p->clientaddr);
                                   ^~~~~~~~~~~~~~
make: *** [src/subdir.mk:20: src/HG_Cal_server_v6.o] Error 1
00:30:34 **** Auto Build of configuration Debug for project HG_Cal_server_v6 ****
make all 
'Building file: ../src/HG_Cal_server_v6.c'
'Invoking: ARM v7 Linux gcc compiler'
arm-linux-gnueabihf-gcc -Wall -O0 -g3 -c -fmessage-length=0 -MT"src/HG_Cal_server_v6.o" -MMD -MP -MF"src/HG_Cal_server_v6.d" -MT"src/HG_Cal_server_v6.o" -o "src/HG_Cal_server_v6.o" "../src/HG_Cal_server_v6.c"
../src/HG_Cal_server_v6.c: In function 'main':
../src/HG_Cal_server_v6.c:279:61: warning: pointer targets in passing argument 3 of 'accept' differ in signedness [-Wpointer-sign]
   newsockfd = accept(sockfd, (struct sockaddr *) &cli_addr, &clilen);
                                                             ^~~~~~~
In file included from ../src/HG_Cal_server_v6.c:3:
c:\xilinx\sdk\2019.1\gnu\aarch32\nt\gcc-arm-linux-gnueabi\arm-linux-gnueabihf\libc\usr\include\sys\socket.h:232:12: note: expected 'socklen_t * restrict' {aka 'unsigned int * restrict'} but argument is of type 'int *'
 extern int accept (int __fd, __SOCKADDR_ARG __addr,
            ^~~~~~
../src/HG_Cal_server_v6.c:293:28: warning: format '%s' expects argument of type 'char *', but argument 2 has type 'int' [-Wformat=]
   printf("client address: %s \n", *p->clientaddr);
                           ~^      ~~~~~~~~~~~~~~
                           %d
'Finished building: ../src/HG_Cal_server_v6.c'
' '
'Building target: HG_Cal_server_v6.elf'
'Invoking: ARM v7 Linux gcc linker'
arm-linux-gnueabihf-gcc  -o "HG_Cal_server_v6.elf"  ./src/HG_Cal_server_v6.o   
'Finished building target: HG_Cal_server_v6.elf'
' '
'Invoking: ARM v7 Linux Print Size'
arm-linux-gnueabihf-size HG_Cal_server_v6.elf  |tee "HG_Cal_server_v6.elf.size"
   text	   data	    bss	    dec	    hex	filename
   5413	    364	      8	   5785	   1699	HG_Cal_server_v6.elf
'Finished building: HG_Cal_server_v6.elf.size'
' '
00:30:42 **** Auto Build of configuration Debug for project HG_Cal_server_v6 ****
make all 
'Building file: ../src/HG_Cal_server_v6.c'
'Invoking: ARM v7 Linux gcc compiler'
arm-linux-gnueabihf-gcc -Wall -O0 -g3 -c -fmessage-length=0 -MT"src/HG_Cal_server_v6.o" -MMD -MP -MF"src/HG_Cal_server_v6.d" -MT"src/HG_Cal_server_v6.o" -o "src/HG_Cal_server_v6.o" "../src/HG_Cal_server_v6.c"
../src/HG_Cal_server_v6.c: In function 'main':
../src/HG_Cal_server_v6.c:279:61: warning: pointer targets in passing argument 3 of 'accept' differ in signedness [-Wpointer-sign]
   newsockfd = accept(sockfd, (struct sockaddr *) &cli_addr, &clilen);
                                                             ^~~~~~~
In file included from ../src/HG_Cal_server_v6.c:3:
c:\xilinx\sdk\2019.1\gnu\aarch32\nt\gcc-arm-linux-gnueabi\arm-linux-gnueabihf\libc\usr\include\sys\socket.h:232:12: note: expected 'socklen_t * restrict' {aka 'unsigned int * restrict'} but argument is of type 'int *'
 extern int accept (int __fd, __SOCKADDR_ARG __addr,
            ^~~~~~
'Finished building: ../src/HG_Cal_server_v6.c'
' '
'Building target: HG_Cal_server_v6.elf'
'Invoking: ARM v7 Linux gcc linker'
arm-linux-gnueabihf-gcc  -o "HG_Cal_server_v6.elf"  ./src/HG_Cal_server_v6.o   
'Finished building target: HG_Cal_server_v6.elf'
' '
'Invoking: ARM v7 Linux Print Size'
arm-linux-gnueabihf-size HG_Cal_server_v6.elf  |tee "HG_Cal_server_v6.elf.size"
   text	   data	    bss	    dec	    hex	filename
   5413	    364	      8	   5785	   1699	HG_Cal_server_v6.elf
'Finished building: HG_Cal_server_v6.elf.size'
' '
00:30:47 **** Incremental Build of configuration Debug for project HG_Cal_server_v6 ****
make all 
make: Nothing to be done for 'all'.
00:32:08 **** Auto Build of configuration Debug for project HG_Cal_server_v6 ****
make all 
'Building file: ../src/HG_Cal_server_v6.c'
'Invoking: ARM v7 Linux gcc compiler'
arm-linux-gnueabihf-gcc -Wall -O0 -g3 -c -fmessage-length=0 -MT"src/HG_Cal_server_v6.o" -MMD -MP -MF"src/HG_Cal_server_v6.d" -MT"src/HG_Cal_server_v6.o" -o "src/HG_Cal_server_v6.o" "../src/HG_Cal_server_v6.c"
../src/HG_Cal_server_v6.c: In function 'main':
../src/HG_Cal_server_v6.c:279:61: warning: pointer targets in passing argument 3 of 'accept' differ in signedness [-Wpointer-sign]
   newsockfd = accept(sockfd, (struct sockaddr *) &cli_addr, &clilen);
                                                             ^~~~~~~
In file included from ../src/HG_Cal_server_v6.c:3:
c:\xilinx\sdk\2019.1\gnu\aarch32\nt\gcc-arm-linux-gnueabi\arm-linux-gnueabihf\libc\usr\include\sys\socket.h:232:12: note: expected 'socklen_t * restrict' {aka 'unsigned int * restrict'} but argument is of type 'int *'
 extern int accept (int __fd, __SOCKADDR_ARG __addr,
            ^~~~~~
'Finished building: ../src/HG_Cal_server_v6.c'
' '
'Building target: HG_Cal_server_v6.elf'
'Invoking: ARM v7 Linux gcc linker'
arm-linux-gnueabihf-gcc  -o "HG_Cal_server_v6.elf"  ./src/HG_Cal_server_v6.o   
'Finished building target: HG_Cal_server_v6.elf'
' '
'Invoking: ARM v7 Linux Print Size'
arm-linux-gnueabihf-size HG_Cal_server_v6.elf  |tee "HG_Cal_server_v6.elf.size"
   text	   data	    bss	    dec	    hex	filename
   5361	    364	      8	   5733	   1665	HG_Cal_server_v6.elf
'Finished building: HG_Cal_server_v6.elf.size'
' '
00:33:08 **** Auto Build of configuration Debug for project HG_Cal_server_v6 ****
make all 
'Building file: ../src/HG_Cal_server_v6.c'
'Invoking: ARM v7 Linux gcc compiler'
arm-linux-gnueabihf-gcc -Wall -O0 -g3 -c -fmessage-length=0 -MT"src/HG_Cal_server_v6.o" -MMD -MP -MF"src/HG_Cal_server_v6.d" -MT"src/HG_Cal_server_v6.o" -o "src/HG_Cal_server_v6.o" "../src/HG_Cal_server_v6.c"
../src/HG_Cal_server_v6.c: In function 'main':
../src/HG_Cal_server_v6.c:279:61: warning: pointer targets in passing argument 3 of 'accept' differ in signedness [-Wpointer-sign]
   newsockfd = accept(sockfd, (struct sockaddr *) &cli_addr, &clilen);
                                                             ^~~~~~~
In file included from ../src/HG_Cal_server_v6.c:3:
c:\xilinx\sdk\2019.1\gnu\aarch32\nt\gcc-arm-linux-gnueabi\arm-linux-gnueabihf\libc\usr\include\sys\socket.h:232:12: note: expected 'socklen_t * restrict' {aka 'unsigned int * restrict'} but argument is of type 'int *'
 extern int accept (int __fd, __SOCKADDR_ARG __addr,
            ^~~~~~
'Finished building: ../src/HG_Cal_server_v6.c'
' '
'Building target: HG_Cal_server_v6.elf'
'Invoking: ARM v7 Linux gcc linker'
arm-linux-gnueabihf-gcc  -o "HG_Cal_server_v6.elf"  ./src/HG_Cal_server_v6.o   
'Finished building target: HG_Cal_server_v6.elf'
' '
'Invoking: ARM v7 Linux Print Size'
arm-linux-gnueabihf-size HG_Cal_server_v6.elf  |tee "HG_Cal_server_v6.elf.size"
   text	   data	    bss	    dec	    hex	filename
   5361	    364	      8	   5733	   1665	HG_Cal_server_v6.elf
'Finished building: HG_Cal_server_v6.elf.size'
' '
